Component: ARM Compiler 5.06 update 5 (build 528) Tool: armlink [4d35e2]

==============================================================================

Section Cross References

    startup_stm32f401xe.o(RESET) refers to startup_stm32f401xe.o(STACK) for __initial_sp
    startup_stm32f401xe.o(RESET) refers to startup_stm32f401xe.o(.text) for Reset_Handler
    startup_stm32f401xe.o(RESET) refers to stm32f4xx_it.o(i.NMI_Handler) for NMI_Handler
    startup_stm32f401xe.o(RESET) refers to stm32f4xx_it.o(i.HardFault_Handler) for HardFault_Handler
    startup_stm32f401xe.o(RESET) refers to stm32f4xx_it.o(i.MemManage_Handler) for MemManage_Handler
    startup_stm32f401xe.o(RESET) refers to stm32f4xx_it.o(i.BusFault_Handler) for BusFault_Handler
    startup_stm32f401xe.o(RESET) refers to stm32f4xx_it.o(i.UsageFault_Handler) for UsageFault_Handler
    startup_stm32f401xe.o(RESET) refers to port.o(.emb_text) for SVC_Handler
    startup_stm32f401xe.o(RESET) refers to stm32f4xx_it.o(i.DebugMon_Handler) for DebugMon_Handler
    startup_stm32f401xe.o(RESET) refers to cmsis_os2.o(i.SysTick_Handler) for SysTick_Handler
    startup_stm32f401xe.o(RESET) refers to stm32f4xx_it.o(i.DMA1_Stream0_IRQHandler) for DMA1_Stream0_IRQHandler
    startup_stm32f401xe.o(RESET) refers to stm32f4xx_it.o(i.DMA1_Stream6_IRQHandler) for DMA1_Stream6_IRQHandler
    startup_stm32f401xe.o(RESET) refers to stm32f4xx_it.o(i.TIM1_UP_TIM10_IRQHandler) for TIM1_UP_TIM10_IRQHandler
    startup_stm32f401xe.o(RESET) refers to stm32f4xx_it.o(i.TIM2_IRQHandler) for TIM2_IRQHandler
    startup_stm32f401xe.o(RESET) refers to stm32f4xx_it.o(i.I2C1_EV_IRQHandler) for I2C1_EV_IRQHandler
    startup_stm32f401xe.o(RESET) refers to stm32f4xx_it.o(i.I2C1_ER_IRQHandler) for I2C1_ER_IRQHandler
    startup_stm32f401xe.o(.text) refers to system_stm32f4xx.o(i.SystemInit) for SystemInit
    startup_stm32f401xe.o(.text) refers to entry.o(.ARM.Collect$$$$00000000) for __main
    gy86.o(i.BMP180_Init) refers to tasks.o(i.vTaskDelay) for vTaskDelay
    gy86.o(i.BMP180_Init) refers to queue.o(i.xQueueSemaphoreTake) for xQueueSemaphoreTake
    gy86.o(i.BMP180_Init) refers to stm32f4xx_hal_i2c.o(i.HAL_I2C_Mem_Read_DMA) for HAL_I2C_Mem_Read_DMA
    gy86.o(i.BMP180_Init) refers to queue.o(i.xQueueGenericSend) for xQueueGenericSend
    gy86.o(i.BMP180_Init) refers to i2c.o(.data) for I2CSemaphore
    gy86.o(i.BMP180_Init) refers to gy86.o(.bss) for .bss
    gy86.o(i.BMP180_Init) refers to i2c.o(.bss) for hi2c1
    gy86.o(i.BMP180_Init) refers to gy86.o(.data) for .data
    gy86.o(i.BMP180_read_pressure) refers to gy86.o(i.bmp180_read_ut) for bmp180_read_ut
    gy86.o(i.BMP180_read_pressure) refers to gy86.o(i.bmp180_read_up) for bmp180_read_up
    gy86.o(i.BMP180_read_pressure) refers to gy86.o(.data) for .data
    gy86.o(i.Get_GYROandACCEL) refers to tasks.o(i.xTaskGetTickCount) for xTaskGetTickCount
    gy86.o(i.Get_GYROandACCEL) refers to gy86.o(i.MPU6050_Init) for MPU6050_Init
    gy86.o(i.Get_GYROandACCEL) refers to gy86.o(i.MPU6050_Read_GYRO) for MPU6050_Read_GYRO
    gy86.o(i.Get_GYROandACCEL) refers to gy86.o(i.MPU6050_Read_ACCEL) for MPU6050_Read_ACCEL
    gy86.o(i.Get_GYROandACCEL) refers to queue.o(i.xQueueGenericSend) for xQueueGenericSend
    gy86.o(i.Get_GYROandACCEL) refers to tasks.o(i.vTaskDelayUntil) for vTaskDelayUntil
    gy86.o(i.Get_GYROandACCEL) refers to gy86.o(.data) for .data
    gy86.o(i.Get_MAG) refers to tasks.o(i.xTaskGetTickCount) for xTaskGetTickCount
    gy86.o(i.Get_MAG) refers to gy86.o(i.HMC5883L_Init) for HMC5883L_Init
    gy86.o(i.Get_MAG) refers to gy86.o(i.HMC5883L_Read_MAG) for HMC5883L_Read_MAG
    gy86.o(i.Get_MAG) refers to queue.o(i.xQueueGenericSend) for xQueueGenericSend
    gy86.o(i.Get_MAG) refers to tasks.o(i.vTaskDelayUntil) for vTaskDelayUntil
    gy86.o(i.Get_MAG) refers to gy86.o(.data) for .data
    gy86.o(i.Get_Pressure) refers to tasks.o(i.xTaskGetTickCount) for xTaskGetTickCount
    gy86.o(i.Get_Pressure) refers to gy86.o(i.BMP180_Init) for BMP180_Init
    gy86.o(i.Get_Pressure) refers to gy86.o(i.BMP180_read_pressure) for BMP180_read_pressure
    gy86.o(i.Get_Pressure) refers to queue.o(i.xQueueGenericSend) for xQueueGenericSend
    gy86.o(i.Get_Pressure) refers to tasks.o(i.vTaskDelayUntil) for vTaskDelayUntil
    gy86.o(i.Get_Pressure) refers to gy86.o(.data) for .data
    gy86.o(i.HMC5883L_CheckID) refers to queue.o(i.xQueueSemaphoreTake) for xQueueSemaphoreTake
    gy86.o(i.HMC5883L_CheckID) refers to stm32f4xx_hal_i2c.o(i.HAL_I2C_Mem_Write_DMA) for HAL_I2C_Mem_Write_DMA
    gy86.o(i.HMC5883L_CheckID) refers to tasks.o(i.vTaskDelay) for vTaskDelay
    gy86.o(i.HMC5883L_CheckID) refers to gy86.o(i.IIC_Read) for IIC_Read
    gy86.o(i.HMC5883L_CheckID) refers to i2c.o(.data) for I2CSemaphore
    gy86.o(i.HMC5883L_CheckID) refers to gy86.o(.data) for .data
    gy86.o(i.HMC5883L_CheckID) refers to i2c.o(.bss) for hi2c1
    gy86.o(i.HMC5883L_Init) refers to queue.o(i.xQueueSemaphoreTake) for xQueueSemaphoreTake
[...]
    prvProcessTimerOrBlockTask               0x08005c85   Thumb Code   182  timers.o(i.prvProcessTimerOrBlockTask)
    i.prvResetNextTaskUnblockTime            0x08005d44   Section        0  tasks.o(i.prvResetNextTaskUnblockTime)
    prvResetNextTaskUnblockTime              0x08005d45   Thumb Code    26  tasks.o(i.prvResetNextTaskUnblockTime)
    i.prvSampleTimeNow                       0x08005d64   Section        0  timers.o(i.prvSampleTimeNow)
    prvSampleTimeNow                         0x08005d65   Thumb Code    36  timers.o(i.prvSampleTimeNow)
    i.prvSwitchTimerLists                    0x08005d8c   Section        0  timers.o(i.prvSwitchTimerLists)
    prvSwitchTimerLists                      0x08005d8d   Thumb Code   104  timers.o(i.prvSwitchTimerLists)
    i.prvTaskExitError                       0x08005df8   Section        0  port.o(i.prvTaskExitError)
    prvTaskExitError                         0x08005df9   Thumb Code    36  port.o(i.prvTaskExitError)
    i.prvTimerTask                           0x08005e20   Section        0  timers.o(i.prvTimerTask)
    prvTimerTask                             0x08005e21   Thumb Code    32  timers.o(i.prvTimerTask)
    i.prvUnlockQueue                         0x08005e44   Section        0  queue.o(i.prvUnlockQueue)
    prvUnlockQueue                           0x08005e45   Thumb Code   106  queue.o(i.prvUnlockQueue)
    i.pvPortMalloc                           0x08005eb0   Section        0  heap_4.o(i.pvPortMalloc)
    i.pvTaskIncrementMutexHeldCount          0x08005f8c   Section        0  tasks.o(i.pvTaskIncrementMutexHeldCount)
    i.pxPortInitialiseStack                  0x08005fa4   Section        0  port.o(i.pxPortInitialiseStack)
    i.uxListRemove                           0x08005fd0   Section        0  list.o(i.uxListRemove)
    i.vApplicationGetIdleTaskMemory          0x08005ff8   Section        0  cmsis_os2.o(i.vApplicationGetIdleTaskMemory)
    i.vApplicationGetTimerTaskMemory         0x0800600c   Section        0  cmsis_os2.o(i.vApplicationGetTimerTaskMemory)
    i.vListInitialise                        0x08006024   Section        0  list.o(i.vListInitialise)
    i.vListInitialiseItem                    0x0800603a   Section        0  list.o(i.vListInitialiseItem)
    i.vListInsert                            0x08006040   Section        0  list.o(i.vListInsert)
    i.vListInsertEnd                         0x08006070   Section        0  list.o(i.vListInsertEnd)
    i.vPortEnterCritical                     0x08006088   Section        0  port.o(i.vPortEnterCritical)
    i.vPortExitCritical                      0x080060c8   Section        0  port.o(i.vPortExitCritical)
    i.vPortFree                              0x080060f0   Section        0  heap_4.o(i.vPortFree)
    i.vPortSetupTimerInterrupt               0x08006154   Section        0  port.o(i.vPortSetupTimerInterrupt)
    i.vPortValidateInterruptPriority         0x08006178   Section        0  port.o(i.vPortValidateInterruptPriority)
    i.vQueueAddToRegistry                    0x080061cc   Section        0  queue.o(i.vQueueAddToRegistry)
    i.vQueueWaitForMessageRestricted         0x080061f4   Section        0  queue.o(i.vQueueWaitForMessageRestricted)
    i.vTaskDelay                             0x08006238   Section        0  tasks.o(i.vTaskDelay)
    i.vTaskDelayUntil                        0x08006284   Section        0  tasks.o(i.vTaskDelayUntil)
    i.vTaskInternalSetTimeOutState           0x08006310   Section        0  tasks.o(i.vTaskInternalSetTimeOutState)
    i.vTaskMissedYield                       0x08006320   Section        0  tasks.o(i.vTaskMissedYield)
    i.vTaskPlaceOnEventList                  0x0800632c   Section        0  tasks.o(i.vTaskPlaceOnEventList)
    i.vTaskPlaceOnEventListRestricted        0x0800635c   Section        0  tasks.o(i.vTaskPlaceOnEventListRestricted)
    i.vTaskPriorityDisinheritAfterTimeout    0x08006394   Section        0  tasks.o(i.vTaskPriorityDisinheritAfterTimeout)
    i.vTaskStartScheduler                    0x08006424   Section        0  tasks.o(i.vTaskStartScheduler)
    i.vTaskSuspendAll                        0x080064ac   Section        0  tasks.o(i.vTaskSuspendAll)
    i.vTaskSwitchContext                     0x080064bc   Section        0  tasks.o(i.vTaskSwitchContext)
    i.xPortStartScheduler                    0x08006520   Section        0  port.o(i.xPortStartScheduler)
    i.xPortSysTickHandler                    0x08006614   Section        0  port.o(i.xPortSysTickHandler)
    i.xQueueGenericCreate                    0x08006640   Section        0  queue.o(i.xQueueGenericCreate)
    i.xQueueGenericCreateStatic              0x08006682   Section        0  queue.o(i.xQueueGenericCreateStatic)
    i.xQueueGenericReset                     0x080066e8   Section        0  queue.o(i.xQueueGenericReset)
    i.xQueueGenericSend                      0x08006770   Section        0  queue.o(i.xQueueGenericSend)
    i.xQueueGenericSendFromISR               0x080068d0   Section        0  queue.o(i.xQueueGenericSendFromISR)
    i.xQueueGiveFromISR                      0x0800698e   Section        0  queue.o(i.xQueueGiveFromISR)
    i.xQueueReceive                          0x08006a2c   Section        0  queue.o(i.xQueueReceive)
    i.xQueueSemaphoreTake                    0x08006b64   Section        0  queue.o(i.xQueueSemaphoreTake)
    i.xTaskCheckForTimeOut                   0x08006cdc   Section        0  tasks.o(i.xTaskCheckForTimeOut)
    i.xTaskCreate                            0x08006d50   Section        0  tasks.o(i.xTaskCreate)
    i.xTaskCreateStatic                      0x08006daa   Section        0  tasks.o(i.xTaskCreateStatic)
    i.xTaskGetSchedulerState                 0x08006e00   Section        0  tasks.o(i.xTaskGetSchedulerState)
    i.xTaskGetTickCount                      0x08006e1c   Section        0  tasks.o(i.xTaskGetTickCount)
    i.xTaskIncrementTick                     0x08006e28   Section        0  tasks.o(i.xTaskIncrementTick)
    i.xTaskPriorityDisinherit                0x08006ef0   Section        0  tasks.o(i.xTaskPriorityDisinherit)
    i.xTaskPriorityInherit                   0x08006f70   Section        0  tasks.o(i.xTaskPriorityInherit)
    i.xTaskRemoveFromEventList               0x08006fe8   Section        0  tasks.o(i.xTaskRemoveFromEventList)
    i.xTaskResumeAll                         0x08007058   Section        0  tasks.o(i.xTaskResumeAll)
    i.xTimerCreateTimerTask                  0x0800711c   Section        0  timers.o(i.xTimerCreateTimerTask)
    i.xTimerGenericCommand                   0x0800717c   Section        0  timers.o(i.xTimerGenericCommand)
    .constdata                               0x080071e4   Section       36  freertos.o(.constdata)
    .constdata                               0x08007208   Section        8  stm32f4xx_hal_dma.o(.constdata)
    flagBitshiftOffset                       0x08007208   Data           8  stm32f4xx_hal_dma.o(.constdata)
    .constdata                               0x08007210   Section       16  system_stm32f4xx.o(.constdata)
    .constdata                               0x08007220   Section        8  system_stm32f4xx.o(.constdata)
    .conststring                             0x08007228   Section       12  freertos.o(.conststring)
    .data                                    0x20000000   Section       72  gy86.o(.data)
    buffer                                   0x20000000   Data           1  gy86.o(.data)
    buf                                      0x20000001   Data           1  gy86.o(.data)
    data                                     0x20000002   Data           1  gy86.o(.data)
    cmd_buf                                  0x20000003   Data           1  gy86.o(.data)
    buf                                      0x20000004   Data           1  gy86.o(.data)
    buf                                      0x20000005   Data           1  gy86.o(.data)
    buf                                      0x20000006   Data           1  gy86.o(.data)
    id                                       0x20000007   Data           1  gy86.o(.data)
    id_a                                     0x20000008   Data           1  gy86.o(.data)
    id_b                                     0x20000009   Data           1  gy86.o(.data)
    id_c                                     0x2000000a   Data           1  gy86.o(.data)
    buf                                      0x2000000b   Data           1  gy86.o(.data)
    buf                                      0x2000000c   Data           1  gy86.o(.data)
    cmd_buf                                  0x2000000d   Data           1  gy86.o(.data)
    temp_data                                0x2000000e   Data           2  gy86.o(.data)
    buffer                                   0x20000026   Data           3  gy86.o(.data)
    data                                     0x2000002c   Data           4  gy86.o(.data)
    data                                     0x2000003c   Data           6  gy86.o(.data)
    data                                     0x20000042   Data           6  gy86.o(.data)
    .data                                    0x20000048   Section        4  freertos.o(.data)
    .data                                    0x2000004c   Section        4  i2c.o(.data)
    .data                                    0x20000050   Section       20  getppm_task.o(.data)
    g_ppmChi                                 0x20000050   Data           1  getppm_task.o(.data)
    g_last_capture                           0x20000054   Data           4  getppm_task.o(.data)
    g_now_capture                            0x2000005c   Data           4  getppm_task.o(.data)
    .data                                    0x20000064   Section       12  stm32f4xx_hal.o(.data)
    .data                                    0x20000070   Section        4  system_stm32f4xx.o(.data)
    .data                                    0x20000074   Section       60  tasks.o(.data)
    uxDeletedTasksWaitingCleanUp             0x20000078   Data           4  tasks.o(.data)
    uxCurrentNumberOfTasks                   0x2000007c   Data           4  tasks.o(.data)
    xTickCount                               0x20000080   Data           4  tasks.o(.data)
    uxTopReadyPriority                       0x20000084   Data           4  tasks.o(.data)
    xSchedulerRunning                        0x20000088   Data           4  tasks.o(.data)
    xPendedTicks                             0x2000008c   Data           4  tasks.o(.data)
    xYieldPending                            0x20000090   Data           4  tasks.o(.data)
    xNumOfOverflows                          0x20000094   Data           4  tasks.o(.data)
    uxTaskNumber                             0x20000098   Data           4  tasks.o(.data)
    xNextTaskUnblockTime                     0x2000009c   Data           4  tasks.o(.data)
    xIdleTaskHandle                          0x200000a0   Data           4  tasks.o(.data)
    uxSchedulerSuspended                     0x200000a4   Data           4  tasks.o(.data)
    pxDelayedTaskList                        0x200000a8   Data           4  tasks.o(.data)
    pxOverflowDelayedTaskList                0x200000ac   Data           4  tasks.o(.data)
    .data                                    0x200000b0   Section       20  timers.o(.data)
    xTimerQueue                              0x200000b0   Data           4  timers.o(.data)
    xTimerTaskHandle                         0x200000b4   Data           4  timers.o(.data)
    xLastTime                                0x200000b8   Data           4  timers.o(.data)
    pxCurrentTimerList                       0x200000bc   Data           4  timers.o(.data)
    pxOverflowTimerList                      0x200000c0   Data           4  timers.o(.data)
    .data                                    0x200000c4   Section        4  cmsis_os2.o(.data)
    KernelState                              0x200000c4   Data           4  cmsis_os2.o(.data)
    .data                                    0x200000c8   Section       32  heap_4.o(.data)
    pxEnd                                    0x200000c8   Data           4  heap_4.o(.data)
    xFreeBytesRemaining                      0x200000cc   Data           4  heap_4.o(.data)
    xMinimumEverFreeBytesRemaining           0x200000d0   Data           4  heap_4.o(.data)
    xNumberOfSuccessfulAllocations           0x200000d4   Data           4  heap_4.o(.data)
    xNumberOfSuccessfulFrees                 0x200000d8   Data           4  heap_4.o(.data)
    xBlockAllocatedBit                       0x200000dc   Data           4  heap_4.o(.data)
    xStart                                   0x200000e0   Data           8  heap_4.o(.data)
    .data                                    0x200000e8   Section       12  port.o(.data)
    ucMaxSysCallPriority                     0x200000e8   Data           1  port.o(.data)
    uxCriticalNesting                        0x200000ec   Data           4  port.o(.data)
    ulMaxPRIGROUPValue                       0x200000f0   Data           4  port.o(.data)
    .data                                    0x200000f4   Section        4  stdout.o(.data)
    .bss                                     0x200000f8   Section       36  gy86.o(.bss)
    prom                                     0x200000f8   Data          22  gy86.o(.bss)
    .bss                                     0x2000011c   Section      276  i2c.o(.bss)
    .bss                                     0x20000230   Section      144  tim.o(.bss)
    .bss                                     0x200002c0   Section      144  usart.o(.bss)
    .bss                                     0x20000350   Section       72  stm32f4xx_hal_timebase_tim.o(.bss)
    .bss                                     0x20000398   Section       18  getppm_task.o(.bss)
    .bss                                     0x200003ac   Section       64  queue.o(.bss)
    .bss                                     0x200003ec   Section     1220  tasks.o(.bss)
    pxReadyTasksLists                        0x200003ec   Data        1120  tasks.o(.bss)
    xDelayedTaskList1                        0x2000084c   Data          20  tasks.o(.bss)
    xDelayedTaskList2                        0x20000860   Data          20  tasks.o(.bss)
    xPendingReadyList                        0x20000874   Data          20  tasks.o(.bss)
    xTasksWaitingTermination                 0x20000888   Data          20  tasks.o(.bss)
    xSuspendedTaskList                       0x2000089c   Data          20  tasks.o(.bss)
    .bss                                     0x200008b0   Section      280  timers.o(.bss)
    xStaticTimerQueue                        0x200008b0   Data          80  timers.o(.bss)
    ucStaticTimerQueueStorage                0x20000900   Data         160  timers.o(.bss)
    xActiveTimerList1                        0x200009a0   Data          20  timers.o(.bss)
    xActiveTimerList2                        0x200009b4   Data          20  timers.o(.bss)
    .bss                                     0x200009c8   Section     1720  cmsis_os2.o(.bss)
    Idle_TCB                                 0x200009c8   Data          92  cmsis_os2.o(.bss)
    Idle_Stack                               0x20000a24   Data         512  cmsis_os2.o(.bss)
    Timer_TCB                                0x20000c24   Data          92  cmsis_os2.o(.bss)
    Timer_Stack                              0x20000c80   Data        1024  cmsis_os2.o(.bss)
    .bss                                     0x20001080   Section    15360  heap_4.o(.bss)
    ucHeap                                   0x20001080   Data       15360  heap_4.o(.bss)
    STACK                                    0x20004c80   Section     1024  startup_stm32f401xe.o(STACK)

    Global Symbols

    Symbol Name                              Value     Ov Type        Size  Object(Section)

    BuildAttributes$$THM_ISAv4$E$P$D$K$B$S$7EM$VFPi3$EXTD16$VFPS$VFMA$PE$A:L22UL41UL21$X:L11$S22US41US21$IEEE1$IW$USESV6$~STKCKD$USESV7$~SHL$OSPACE$ROPI$EBA8$MICROLIB$REQ8$PRES8$EABIv2 0x00000000   Number         0  anon$$obj.o ABSOLUTE
    __ARM_use_no_argv                        0x00000000   Number         0  main.o ABSOLUTE
    _printf_a                                0x00000000   Number         0  stubs.o ABSOLUTE
    _printf_c                                0x00000000   Number         0  stubs.o ABSOLUTE
    _printf_charcount                        0x00000000   Number         0  stubs.o ABSOLUTE
    _printf_d                                0x00000000   Number         0  stubs.o ABSOLUTE
    _printf_e                                0x00000000   Number         0  stubs.o ABSOLUTE
    _printf_f                                0x00000000   Number         0  stubs.o ABSOLUTE
    _printf_flags                            0x00000000   Number         0  stubs.o ABSOLUTE
    _printf_fp_dec                           0x00000000   Number         0  stubs.o ABSOLUTE
    _printf_fp_hex                           0x00000000   Number         0  stubs.o ABSOLUTE
    _printf_g                                0x00000000   Number         0  stubs.o ABSOLUTE
    _printf_i                                0x00000000   Number         0  stubs.o ABSOLUTE
    _printf_int_dec                          0x00000000   Number         0  stubs.o ABSOLUTE
    _printf_l                                0x00000000   Number         0  stubs.o ABSOLUTE
    _printf_lc                               0x00000000   Number         0  stubs.o ABSOLUTE
    _printf_ll                               0x00000000   Number         0  stubs.o ABSOLUTE
    _printf_lld                              0x00000000   Number         0  stubs.o ABSOLUTE
    _printf_lli                              0x00000000   Number         0  stubs.o ABSOLUTE
    _printf_llo                              0x00000000   Number         0  stubs.o ABSOLUTE
    _printf_llu                              0x00000000   Number         0  stubs.o ABSOLUTE
    _printf_llx                              0x00000000   Number         0  stubs.o ABSOLUTE
    _printf_longlong_dec                     0x00000000   Number         0  stubs.o ABSOLUTE
    _printf_longlong_hex                     0x00000000   Number         0  stubs.o ABSOLUTE
    _printf_longlong_oct                     0x00000000   Number         0  stubs.o ABSOLUTE
    _printf_ls                               0x00000000   Number         0  stubs.o ABSOLUTE
    _printf_mbtowc                           0x00000000   Number         0  stubs.o ABSOLUTE
    _printf_n                                0x00000000   Number         0  stubs.o ABSOLUTE
    _printf_o                                0x00000000   Number         0  stubs.o ABSOLUTE
    _printf_p                                0x00000000   Number         0  stubs.o ABSOLUTE
    _printf_percent                          0x00000000   Number         0  stubs.o ABSOLUTE
    _printf_pre_padding                      0x00000000   Number         0  stubs.o ABSOLUTE
    _printf_return_value                     0x00000000   Number         0  stubs.o ABSOLUTE
    _printf_s                                0x00000000   Number         0  stubs.o ABSOLUTE
    _printf_sizespec                         0x00000000   Number         0  stubs.o ABSOLUTE
    _printf_str                              0x00000000   Number         0  stubs.o ABSOLUTE
    _printf_truncate_signed                  0x00000000   Number         0  stubs.o ABSOLUTE
    _printf_truncate_unsigned                0x00000000   Number         0  stubs.o ABSOLUTE
    _printf_u                                0x00000000   Number         0  stubs.o ABSOLUTE
    _printf_wc                               0x00000000   Number         0  stubs.o ABSOLUTE
    _printf_wctomb                           0x00000000   Number         0  stubs.o ABSOLUTE
    _printf_widthprec                        0x00000000   Number         0  stubs.o ABSOLUTE
    _printf_x                                0x00000000   Number         0  stubs.o ABSOLUTE
    __cpp_initialize__aeabi_                  - Undefined Weak Reference
    __cxa_finalize                            - Undefined Weak Reference
    __decompress                              - Undefined Weak Reference
    _clock_init                               - Undefined Weak Reference
    _microlib_exit                            - Undefined Weak Reference
    __Vectors_Size                           0x00000194   Number         0  startup_stm32f401xe.o ABSOLUTE
    __Vectors                                0x08000000   Data           4  startup_stm32f401xe.o(RESET)
    __Vectors_End                            0x08000194   Data           0  startup_stm32f401xe.o(RESET)
    __main                                   0x08000195   Thumb Code     0  entry.o(.ARM.Collect$$$$00000000)
    _main_stk                                0x08000195   Thumb Code     0  entry2.o(.ARM.Collect$$$$00000001)
    _main_scatterload                        0x08000199   Thumb Code     0  entry5.o(.ARM.Collect$$$$00000004)
    __main_after_scatterload                 0x0800019d   Thumb Code     0  entry5.o(.ARM.Collect$$$$00000004)
    _main_clock                              0x0800019d   Thumb Code     0  entry7b.o(.ARM.Collect$$$$00000008)
    _main_cpp_init                           0x0800019d   Thumb Code     0  entry8b.o(.ARM.Collect$$$$0000000A)
    _main_init                               0x0800019d   Thumb Code     0  entry9a.o(.ARM.Collect$$$$0000000B)
    __rt_final_cpp                           0x080001a5   Thumb Code     0  entry10a.o(.ARM.Collect$$$$0000000D)
    __rt_final_exit                          0x080001a5   Thumb Code     0  entry11a.o(.ARM.Collect$$$$0000000F)
    SVC_Handler                              0x080001a9   Thumb Code    28  port.o(.emb_text)
    __asm___6_port_c_39a90d8d__prvStartFirstTask 0x080001c9   Thumb Code    36  port.o(.emb_text)
    __asm___6_port_c_39a90d8d__prvEnableVFP  0x080001f1   Thumb Code    16  port.o(.emb_text)
    PendSV_Handler                           0x08000205   Thumb Code    88  port.o(.emb_text)
    vPortGetIPSR                             0x08000261   Thumb Code     6  port.o(.emb_text)
    Reset_Handler                            0x08000269   Thumb Code     8  startup_stm32f401xe.o(.text)
    ADC_IRQHandler                           0x08000283   Thumb Code     0  startup_stm32f401xe.o(.text)
    DMA1_Stream1_IRQHandler                  0x08000283   Thumb Code     0  startup_stm32f401xe.o(.text)
    DMA1_Stream2_IRQHandler                  0x08000283   Thumb Code     0  startup_stm32f401xe.o(.text)
    DMA1_Stream3_IRQHandler                  0x08000283   Thumb Code     0  startup_stm32f401xe.o(.text)
    DMA1_Stream4_IRQHandler                  0x08000283   Thumb Code     0  startup_stm32f401xe.o(.text)
    DMA1_Stream5_IRQHandler                  0x08000283   Thumb Code     0  startup_stm32f401xe.o(.text)
    DMA1_Stream7_IRQHandler                  0x08000283   Thumb Code     0  startup_stm32f401xe.o(.text)
    DMA2_Stream0_IRQHandler                  0x08000283   Thumb Code     0  startup_stm32f401xe.o(.text)
    DMA2_Stream1_IRQHandler                  0x08000283   Thumb Code     0  startup_stm32f401xe.o(.text)
    DMA2_Stream2_IRQHandler                  0x08000283   Thumb Code     0  startup_stm32f401xe.o(.text)
    DMA2_Stream3_IRQHandler                  0x08000283   Thumb Code     0  startup_stm32f401xe.o(.text)
    DMA2_Stream4_IRQHandler                  0x08000283   Thumb Code     0  startup_stm32f401xe.o(.text)
    DMA2_Stream5_IRQHandler                  0x08000283   Thumb Code     0  startup_stm32f401xe.o(.text)
    DMA2_Stream6_IRQHandler                  0x08000283   Thumb Code     0  startup_stm32f401xe.o(.text)
    DMA2_Stream7_IRQHandler                  0x08000283   Thumb Code     0  startup_stm32f401xe.o(.text)
    EXTI0_IRQHandler                         0x08000283   Thumb Code     0  startup_stm32f401xe.o(.text)
    EXTI15_10_IRQHandler                     0x08000283   Thumb Code     0  startup_stm32f401xe.o(.text)
    EXTI1_IRQHandler                         0x08000283   Thumb Code     0  startup_stm32f401xe.o(.text)
    EXTI2_IRQHandler                         0x08000283   Thumb Code     0  startup_stm32f401xe.o(.text)
    EXTI3_IRQHandler                         0x08000283   Thumb Code     0  startup_stm32f401xe.o(.text)
    EXTI4_IRQHandler                         0x08000283   Thumb Code     0  startup_stm32f401xe.o(.text)
    EXTI9_5_IRQHandler                       0x08000283   Thumb Code     0  startup_stm32f401xe.o(.text)
    FLASH_IRQHandler                         0x08000283   Thumb Code     0  startup_stm32f401xe.o(.text)
    FPU_IRQHandler                           0x08000283   Thumb Code     0  startup_stm32f401xe.o(.text)
    I2C2_ER_IRQHandler                       0x08000283   Thumb Code     0  startup_stm32f401xe.o(.text)
    I2C2_EV_IRQHandler                       0x08000283   Thumb Code     0  startup_stm32f401xe.o(.text)
    I2C3_ER_IRQHandler                       0x08000283   Thumb Code     0  startup_stm32f401xe.o(.text)
    I2C3_EV_IRQHandler                       0x08000283   Thumb Code     0  startup_stm32f401xe.o(.text)
    OTG_FS_IRQHandler                        0x08000283   Thumb Code     0  startup_stm32f401xe.o(.text)
    OTG_FS_WKUP_IRQHandler                   0x08000283   Thumb Code     0  startup_stm32f401xe.o(.text)
    PVD_IRQHandler                           0x08000283   Thumb Code     0  startup_stm32f401xe.o(.text)
    RCC_IRQHandler                           0x08000283   Thumb Code     0  startup_stm32f401xe.o(.text)
    RTC_Alarm_IRQHandler                     0x08000283   Thumb Code     0  startup_stm32f401xe.o(.text)
    RTC_WKUP_IRQHandler                      0x08000283   Thumb Code     0  startup_stm32f401xe.o(.text)
    SDIO_IRQHandler                          0x08000283   Thumb Code     0  startup_stm32f401xe.o(.text)
    SPI1_IRQHandler                          0x08000283   Thumb Code     0  startup_stm32f401xe.o(.text)
    SPI2_IRQHandler                          0x08000283   Thumb Code     0  startup_stm32f401xe.o(.text)
    SPI3_IRQHandler                          0x08000283   Thumb Code     0  startup_stm32f401xe.o(.text)
    SPI4_IRQHandler                          0x08000283   Thumb Code     0  startup_stm32f401xe.o(.text)
    TAMP_STAMP_IRQHandler                    0x08000283   Thumb Code     0  startup_stm32f401xe.o(.text)
    TIM1_BRK_TIM9_IRQHandler                 0x08000283   Thumb Code     0  startup_stm32f401xe.o(.text)
    TIM1_CC_IRQHandler                       0x08000283   Thumb Code     0  startup_stm32f401xe.o(.text)
    TIM1_TRG_COM_TIM11_IRQHandler            0x08000283   Thumb Code     0  startup_stm32f401xe.o(.text)
    TIM3_IRQHandler                          0x08000283   Thumb Code     0  startup_stm32f401xe.o(.text)
    TIM4_IRQHandler                          0x08000283   Thumb Code     0  startup_stm32f401xe.o(.text)
    TIM5_IRQHandler                          0x08000283   Thumb Code     0  startup_stm32f401xe.o(.text)
    USART1_IRQHandler                        0x08000283   Thumb Code     0  startup_stm32f401xe.o(.text)
    USART2_IRQHandler                        0x08000283   Thumb Code     0  startup_stm32f401xe.o(.text)
    USART6_IRQHandler                        0x08000283   Thumb Code     0  startup_stm32f401xe.o(.text)
    WWDG_IRQHandler                          0x08000283   Thumb Code     0  startup_stm32f401xe.o(.text)
    __aeabi_uldivmod                         0x0800028d   Thumb Code    98  uldiv.o(.text)
    __aeabi_memcpy                           0x080002ef   Thumb Code    36  memcpya.o(.text)
    __aeabi_memcpy4                          0x080002ef   Thumb Code     0  memcpya.o(.text)
    __aeabi_memcpy8                          0x080002ef   Thumb Code     0  memcpya.o(.text)
    __aeabi_memset                           0x08000313   Thumb Code    14  memseta.o(.text)
    __aeabi_memset4                          0x08000313   Thumb Code     0  memseta.o(.text)
    __aeabi_memset8                          0x08000313   Thumb Code     0  memseta.o(.text)
    __aeabi_memclr                           0x08000321   Thumb Code     4  memseta.o(.text)
    __aeabi_memclr4                          0x08000321   Thumb Code     0  memseta.o(.text)
    __aeabi_memclr8                          0x08000321   Thumb Code     0  memseta.o(.text)
    memset                                   0x08000325   Thumb Code    18  memseta.o(.text)
    __aeabi_ddiv                             0x08000337   Thumb Code   222  ddiv.o(.text)
    __aeabi_i2d                              0x08000415   Thumb Code    34  dflti.o(.text)
    __aeabi_f2d                              0x08000437   Thumb Code    38  f2d.o(.text)
    __aeabi_uidiv                            0x0800045d   Thumb Code     0  uidiv.o(.text)
    __aeabi_uidivmod                         0x0800045d   Thumb Code    44  uidiv.o(.text)
    __aeabi_llsl                             0x08000489   Thumb Code    30  llshl.o(.text)
    _ll_shift_l                              0x08000489   Thumb Code     0  llshl.o(.text)
    __aeabi_llsr                             0x080004a7   Thumb Code    32  llushr.o(.text)
    _ll_ushift_r                             0x080004a7   Thumb Code     0  llushr.o(.text)
    __I$use$fp                               0x080004c7   Thumb Code     0  iusefp.o(.text)
    _double_round                            0x080004c7   Thumb Code    30  depilogue.o(.text)
    _double_epilogue                         0x080004e5   Thumb Code   156  depilogue.o(.text)
    __aeabi_dadd                             0x08000581   Thumb Code   322  dadd.o(.text)
    __aeabi_dsub                             0x080006c3   Thumb Code     6  dadd.o(.text)
    __aeabi_drsub                            0x080006c9   Thumb Code     6  dadd.o(.text)
    __aeabi_dmul                             0x080006cf   Thumb Code   228  dmul.o(.text)
    __aeabi_d2ulz                            0x080007b3   Thumb Code    48  dfixul.o(.text)
    __aeabi_cdrcmple                         0x080007e5   Thumb Code    48  cdrcmple.o(.text)
    __scatterload                            0x08000815   Thumb Code    28  init.o(.text)
    __scatterload_rt2                        0x08000815   Thumb Code     0  init.o(.text)
    __aeabi_lasr                             0x08000839   Thumb Code    36  llsshr.o(.text)
    _ll_sshift_r                             0x08000839   Thumb Code     0  llsshr.o(.text)
    BMP180_Init                              0x0800085d   Thumb Code   146  gy86.o(i.BMP180_Init)
    BMP180_read_pressure                     0x08000901   Thumb Code   172  gy86.o(i.BMP180_read_pressure)
    BusFault_Handler                         0x080009b5   Thumb Code     2  stm32f4xx_it.o(i.BusFault_Handler)
    DMA1_Stream0_IRQHandler                  0x080009b9   Thumb Code     6  stm32f4xx_it.o(i.DMA1_Stream0_IRQHandler)
    DMA1_Stream6_IRQHandler                  0x080009c5   Thumb Code     6  stm32f4xx_it.o(i.DMA1_Stream6_IRQHandler)
    DebugMon_Handler                         0x08000a75   Thumb Code     2  stm32f4xx_it.o(i.DebugMon_Handler)
    DelayUs_Init                             0x08000a79   Thumb Code    36  delay.o(i.DelayUs_Init)
    Delay_ms                                 0x08000aa5   Thumb Code    22  delay.o(i.Delay_ms)
    Delay_us                                 0x08000abd   Thumb Code    32  delay.o(i.Delay_us)
    Error_Handler                            0x08000ae9   Thumb Code     4  main.o(i.Error_Handler)
    Get_GYROandACCEL                         0x08000aed   Thumb Code    50  gy86.o(i.Get_GYROandACCEL)
    Get_GYROandACCEL_Task                    0x08000b25   Thumb Code     4  freertos.o(i.Get_GYROandACCEL_Task)
    Get_MAG                                  0x08000b29   Thumb Code    42  gy86.o(i.Get_MAG)
    Get_MAG_Task                             0x08000b59   Thumb Code     4  freertos.o(i.Get_MAG_Task)
    Get_Pressure                             0x08000b5d   Thumb Code    44  gy86.o(i.Get_Pressure)
    Get_Pressure_Task                        0x08000b8d   Thumb Code     4  freertos.o(i.Get_Pressure_Task)
    HAL_DMA_Abort_IT                         0x08000b91   Thumb Code    36  stm32f4xx_hal_dma.o(i.HAL_DMA_Abort_IT)
    HAL_DMA_GetError                         0x08000bb5   Thumb Code     4  stm32f4xx_hal_dma.o(i.HAL_DMA_GetError)
    HAL_DMA_GetState                         0x08000bb9   Thumb Code     6  stm32f4xx_hal_dma.o(i.HAL_DMA_GetState)
    HAL_DMA_IRQHandler                       0x08000bc1   Thumb Code   412  stm32f4xx_hal_dma.o(i.HAL_DMA_IRQHandler)
    HAL_DMA_Init                             0x08000d61   Thumb Code   206  stm32f4xx_hal_dma.o(i.HAL_DMA_Init)
    HAL_DMA_Start_IT                         0x08000e35   Thumb Code   110  stm32f4xx_hal_dma.o(i.HAL_DMA_Start_IT)
    HAL_GPIO_Init                            0x08000ea5   Thumb Code   446  stm32f4xx_hal_gpio.o(i.HAL_GPIO_Init)
    HAL_GPIO_WritePin                        0x08001085   Thumb Code    10  stm32f4xx_hal_gpio.o(i.HAL_GPIO_WritePin)
    HAL_GetTick                              0x08001091   Thumb Code     6  stm32f4xx_hal.o(i.HAL_GetTick)
    HAL_I2C_AbortCpltCallback                0x0800109d   Thumb Code     2  stm32f4xx_hal_i2c.o(i.HAL_I2C_AbortCpltCallback)
    HAL_I2C_AddrCallback                     0x0800109f   Thumb Code     2  stm32f4xx_hal_i2c.o(i.HAL_I2C_AddrCallback)
    HAL_I2C_ER_IRQHandler                    0x080010a1   Thumb Code   186  stm32f4xx_hal_i2c.o(i.HAL_I2C_ER_IRQHandler)
    HAL_I2C_EV_IRQHandler                    0x0800115b   Thumb Code   560  stm32f4xx_hal_i2c.o(i.HAL_I2C_EV_IRQHandler)
    HAL_I2C_ErrorCallback                    0x0800138d   Thumb Code    46  i2c.o(i.HAL_I2C_ErrorCallback)
    HAL_I2C_Init                             0x080013c9   Thumb Code   376  stm32f4xx_hal_i2c.o(i.HAL_I2C_Init)
    HAL_I2C_ListenCpltCallback               0x08001551   Thumb Code     2  stm32f4xx_hal_i2c.o(i.HAL_I2C_ListenCpltCallback)
    HAL_I2C_MasterRxCpltCallback             0x08001555   Thumb Code    46  i2c.o(i.HAL_I2C_MasterRxCpltCallback)
    HAL_I2C_MasterTxCpltCallback             0x08001591   Thumb Code    46  i2c.o(i.HAL_I2C_MasterTxCpltCallback)
    HAL_I2C_MemRxCpltCallback                0x080015cd   Thumb Code    46  i2c.o(i.HAL_I2C_MemRxCpltCallback)
    HAL_I2C_MemTxCpltCallback                0x08001609   Thumb Code    46  i2c.o(i.HAL_I2C_MemTxCpltCallback)
    HAL_I2C_Mem_Read_DMA                     0x08001645   Thumb Code   444  stm32f4xx_hal_i2c.o(i.HAL_I2C_Mem_Read_DMA)
    HAL_I2C_Mem_Write                        0x08001811   Thumb Code   294  stm32f4xx_hal_i2c.o(i.HAL_I2C_Mem_Write)
    HAL_I2C_Mem_Write_DMA                    0x08001941   Thumb Code   388  stm32f4xx_hal_i2c.o(i.HAL_I2C_Mem_Write_DMA)
    HAL_I2C_MspInit                          0x08001ad5   Thumb Code   232  i2c.o(i.HAL_I2C_MspInit)
    HAL_I2C_SlaveRxCpltCallback              0x08001bd1   Thumb Code     2  stm32f4xx_hal_i2c.o(i.HAL_I2C_SlaveRxCpltCallback)
    HAL_I2C_SlaveTxCpltCallback              0x08001bd3   Thumb Code     2  stm32f4xx_hal_i2c.o(i.HAL_I2C_SlaveTxCpltCallback)
    HAL_IncTick                              0x08001bd5   Thumb Code    12  stm32f4xx_hal.o(i.HAL_IncTick)
    HAL_Init                                 0x08001be5   Thumb Code    48  stm32f4xx_hal.o(i.HAL_Init)
    HAL_InitTick                             0x08001c19   Thumb Code   118  stm32f4xx_hal_timebase_tim.o(i.HAL_InitTick)
    HAL_MspInit                              0x08001ca5   Thumb Code    52  stm32f4xx_hal_msp.o(i.HAL_MspInit)
    HAL_NVIC_EnableIRQ                       0x08001cdd   Thumb Code    26  stm32f4xx_hal_cortex.o(i.HAL_NVIC_EnableIRQ)
    HAL_NVIC_SetPriority                     0x08001cf9   Thumb Code    60  stm32f4xx_hal_cortex.o(i.HAL_NVIC_SetPriority)
    HAL_NVIC_SetPriorityGrouping             0x08001d39   Thumb Code    26  stm32f4xx_hal_cortex.o(i.HAL_NVIC_SetPriorityGrouping)
    HAL_RCC_ClockConfig                      0x08001d5d   Thumb Code   288  stm32f4xx_hal_rcc.o(i.HAL_RCC_ClockConfig)
    HAL_RCC_GetClockConfig                   0x08001e91   Thumb Code    54  stm32f4xx_hal_rcc.o(i.HAL_RCC_GetClockConfig)
    HAL_RCC_GetPCLK1Freq                     0x08001ed1   Thumb Code    20  stm32f4xx_hal_rcc.o(i.HAL_RCC_GetPCLK1Freq)
    HAL_RCC_GetPCLK2Freq                     0x08001ef1   Thumb Code    20  stm32f4xx_hal_rcc.o(i.HAL_RCC_GetPCLK2Freq)
    HAL_RCC_GetSysClockFreq                  0x08001f11   Thumb Code    88  stm32f4xx_hal_rcc.o(i.HAL_RCC_GetSysClockFreq)
    HAL_RCC_OscConfig                        0x08001f71   Thumb Code   856  stm32f4xx_hal_rcc.o(i.HAL_RCC_OscConfig)
    HAL_TIMEx_BreakCallback                  0x080022dd   Thumb Code     2  stm32f4xx_hal_tim_ex.o(i.HAL_TIMEx_BreakCallback)
    HAL_TIMEx_CommutCallback                 0x080022df   Thumb Code     2  stm32f4xx_hal_tim_ex.o(i.HAL_TIMEx_CommutCallback)
    HAL_TIMEx_MasterConfigSynchronization    0x080022e1   Thumb Code   104  stm32f4xx_hal_tim_ex.o(i.HAL_TIMEx_MasterConfigSynchronization)
    HAL_TIM_Base_Init                        0x0800235d   Thumb Code    90  stm32f4xx_hal_tim.o(i.HAL_TIM_Base_Init)
    HAL_TIM_Base_MspInit                     0x080023b9   Thumb Code   130  tim.o(i.HAL_TIM_Base_MspInit)
    HAL_TIM_Base_Start_IT                    0x08002449   Thumb Code    88  stm32f4xx_hal_tim.o(i.HAL_TIM_Base_Start_IT)
    HAL_TIM_ConfigClockSource                0x080024b5   Thumb Code   220  stm32f4xx_hal_tim.o(i.HAL_TIM_ConfigClockSource)
    HAL_TIM_IC_CaptureCallback               0x08002591   Thumb Code   106  getppm_task.o(i.HAL_TIM_IC_CaptureCallback)
    HAL_TIM_IC_ConfigChannel                 0x0800260d   Thumb Code   292  stm32f4xx_hal_tim.o(i.HAL_TIM_IC_ConfigChannel)
    HAL_TIM_IC_Init                          0x08002731   Thumb Code    90  stm32f4xx_hal_tim.o(i.HAL_TIM_IC_Init)
    HAL_TIM_IC_MspInit                       0x0800278b   Thumb Code     2  stm32f4xx_hal_tim.o(i.HAL_TIM_IC_MspInit)
    HAL_TIM_IRQHandler                       0x0800278d   Thumb Code   304  stm32f4xx_hal_tim.o(i.HAL_TIM_IRQHandler)
    HAL_TIM_MspPostInit                      0x080028bd   Thumb Code    70  tim.o(i.HAL_TIM_MspPostInit)
    HAL_TIM_OC_DelayElapsedCallback          0x08002911   Thumb Code     2  stm32f4xx_hal_tim.o(i.HAL_TIM_OC_DelayElapsedCallback)
    HAL_TIM_PWM_ConfigChannel                0x08002913   Thumb Code   204  stm32f4xx_hal_tim.o(i.HAL_TIM_PWM_ConfigChannel)
    HAL_TIM_PWM_Init                         0x080029df   Thumb Code    90  stm32f4xx_hal_tim.o(i.HAL_TIM_PWM_Init)
    HAL_TIM_PWM_MspInit                      0x08002a39   Thumb Code     2  stm32f4xx_hal_tim.o(i.HAL_TIM_PWM_MspInit)
    HAL_TIM_PWM_PulseFinishedCallback        0x08002a3b   Thumb Code     2  stm32f4xx_hal_tim.o(i.HAL_TIM_PWM_PulseFinishedCallback)
    HAL_TIM_PWM_Start                        0x08002a3d   Thumb Code   156  stm32f4xx_hal_tim.o(i.HAL_TIM_PWM_Start)
    HAL_TIM_PeriodElapsedCallback            0x08002aed   Thumb Code    14  main.o(i.HAL_TIM_PeriodElapsedCallback)
    HAL_TIM_ReadCapturedValue                0x08002b01   Thumb Code    42  stm32f4xx_hal_tim.o(i.HAL_TIM_ReadCapturedValue)
    HAL_TIM_TriggerCallback                  0x08002b2b   Thumb Code     2  stm32f4xx_hal_tim.o(i.HAL_TIM_TriggerCallback)
    HAL_UART_Init                            0x08002b2d   Thumb Code   100  stm32f4xx_hal_uart.o(i.HAL_UART_Init)
    HAL_UART_MspInit                         0x08002b91   Thumb Code   152  usart.o(i.HAL_UART_MspInit)
    HAL_UART_Transmit                        0x08002c3d   Thumb Code   160  stm32f4xx_hal_uart.o(i.HAL_UART_Transmit)
    HMC5883L_Init                            0x08002cdd   Thumb Code   238  gy86.o(i.HMC5883L_Init)
    HMC5883L_Read_MAG                        0x08002dd9   Thumb Code    92  gy86.o(i.HMC5883L_Read_MAG)
    HMC5883L_SetupAutoRead                   0x08002e3d   Thumb Code   134  gy86.o(i.HMC5883L_SetupAutoRead)
    HardFault_Handler                        0x08002ed1   Thumb Code     2  stm32f4xx_it.o(i.HardFault_Handler)
    I2C1_ER_IRQHandler                       0x08002ed5   Thumb Code     6  stm32f4xx_it.o(i.I2C1_ER_IRQHandler)
    I2C1_EV_IRQHandler                       0x08002ee1   Thumb Code     6  stm32f4xx_it.o(i.I2C1_EV_IRQHandler)
    IIC_Write                                0x08003dbd   Thumb Code    44  gy86.o(i.IIC_Write)
    MPU6050_Init                             0x08003df5   Thumb Code   250  gy86.o(i.MPU6050_Init)
    MPU6050_Read_ACCEL                       0x08003efd   Thumb Code    96  gy86.o(i.MPU6050_Read_ACCEL)
    MPU6050_Read_GYRO                        0x08003f69   Thumb Code    96  gy86.o(i.MPU6050_Read_GYRO)
    MX_DMA_Init                              0x08003fd5   Thumb Code    56  dma.o(i.MX_DMA_Init)
    MX_FREERTOS_Init                         0x08004011   Thumb Code   142  freertos.o(i.MX_FREERTOS_Init)
    MX_GPIO_Init                             0x08004119   Thumb Code   292  gpio.o(i.MX_GPIO_Init)
    MX_I2C1_Init                             0x08004251   Thumb Code    74  i2c.o(i.MX_I2C1_Init)
    MX_TIM2_Init                             0x080042ad   Thumb Code   156  tim.o(i.MX_TIM2_Init)
    MX_TIM3_Init                             0x0800434d   Thumb Code   192  tim.o(i.MX_TIM3_Init)
    MX_USART1_UART_Init                      0x08004415   Thumb Code    48  usart.o(i.MX_USART1_UART_Init)
    MX_USART2_UART_Init                      0x0800444d   Thumb Code    48  usart.o(i.MX_USART2_UART_Init)
    MemManage_Handler                        0x08004485   Thumb Code     2  stm32f4xx_it.o(i.MemManage_Handler)
    NMI_Handler                              0x08004487   Thumb Code     2  stm32f4xx_it.o(i.NMI_Handler)
    StartDefaultTask                         0x08004489   Thumb Code     8  freertos.o(i.StartDefaultTask)
    SysTick_Handler                          0x08004491   Thumb Code    26  cmsis_os2.o(i.SysTick_Handler)
    SystemClock_Config                       0x080044ad   Thumb Code   140  main.o(i.SystemClock_Config)
    SystemInit                               0x08004541   Thumb Code    12  system_stm32f4xx.o(i.SystemInit)
    TIM1_UP_TIM10_IRQHandler                 0x08004551   Thumb Code     6  stm32f4xx_it.o(i.TIM1_UP_TIM10_IRQHandler)
    TIM2_IRQHandler                          0x0800455d   Thumb Code     6  stm32f4xx_it.o(i.TIM2_IRQHandler)
    TIM_Base_SetConfig                       0x08004569   Thumb Code   130  stm32f4xx_hal_tim.o(i.TIM_Base_SetConfig)
    TIM_CCxChannelCmd                        0x08004609   Thumb Code    26  stm32f4xx_hal_tim.o(i.TIM_CCxChannelCmd)
    TIM_ETR_SetConfig                        0x08004623   Thumb Code    20  stm32f4xx_hal_tim.o(i.TIM_ETR_SetConfig)
    TIM_OC2_SetConfig                        0x08004699   Thumb Code    84  stm32f4xx_hal_tim.o(i.TIM_OC2_SetConfig)
    TIM_TI1_SetConfig                        0x080047b1   Thumb Code    88  stm32f4xx_hal_tim.o(i.TIM_TI1_SetConfig)
    Uart_Debug_Task                          0x08004a43   Thumb Code     4  freertos.o(i.Uart_Debug_Task)
    Uart_Send_Task                           0x08004a49   Thumb Code   232  uart_task.o(i.Uart_Send_Task)
    UsageFault_Handler                       0x08004b69   Thumb Code     2  stm32f4xx_it.o(i.UsageFault_Handler)
    __0printf                                0x08004b6d   Thumb Code    22  printfa.o(i.__0printf)
    __1printf                                0x08004b6d   Thumb Code     0  printfa.o(i.__0printf)
    __2printf                                0x08004b6d   Thumb Code     0  printfa.o(i.__0printf)
    __c89printf                              0x08004b6d   Thumb Code     0  printfa.o(i.__0printf)
    printf                                   0x08004b6d   Thumb Code     0  printfa.o(i.__0printf)
    __scatterload_copy                       0x08004bad   Thumb Code    14  handlers.o(i.__scatterload_copy)
    __scatterload_null                       0x08004bbb   Thumb Code     2  handlers.o(i.__scatterload_null)
    __scatterload_zeroinit                   0x08004bbd   Thumb Code    14  handlers.o(i.__scatterload_zeroinit)
    bmp180_read_up                           0x08005481   Thumb Code   104  gy86.o(i.bmp180_read_up)
    bmp180_read_ut                           0x080054f1   Thumb Code    92  gy86.o(i.bmp180_read_ut)
    fputc                                    0x08005559   Thumb Code    20  usart.o(i.fputc)
    main                                     0x08005571   Thumb Code   156  main.o(i.main)
    osDelay                                  0x08005619   Thumb Code    26  cmsis_os2.o(i.osDelay)
    osKernelInitialize                       0x08005635   Thumb Code    32  cmsis_os2.o(i.osKernelInitialize)
    osKernelStart                            0x08005659   Thumb Code    48  cmsis_os2.o(i.osKernelStart)
    osThreadNew                              0x08005691   Thumb Code   138  cmsis_os2.o(i.osThreadNew)
    pvPortMalloc                             0x08005eb1   Thumb Code   216  heap_4.o(i.pvPortMalloc)
    pvTaskIncrementMutexHeldCount            0x08005f8d   Thumb Code    18  tasks.o(i.pvTaskIncrementMutexHeldCount)
    pxPortInitialiseStack                    0x08005fa5   Thumb Code    40  port.o(i.pxPortInitialiseStack)
    uxListRemove                             0x08005fd1   Thumb Code    38  list.o(i.uxListRemove)
    vApplicationGetIdleTaskMemory            0x08005ff9   Thumb Code    16  cmsis_os2.o(i.vApplicationGetIdleTaskMemory)
    vApplicationGetTimerTaskMemory           0x0800600d   Thumb Code    18  cmsis_os2.o(i.vApplicationGetTimerTaskMemory)
    vListInitialise                          0x08006025   Thumb Code    22  list.o(i.vListInitialise)
    vListInitialiseItem                      0x0800603b   Thumb Code     6  list.o(i.vListInitialiseItem)
    vListInsert                              0x08006041   Thumb Code    48  list.o(i.vListInsert)
    vListInsertEnd                           0x08006071   Thumb Code    24  list.o(i.vListInsertEnd)
    vPortEnterCritical                       0x08006089   Thumb Code    54  port.o(i.vPortEnterCritical)
    vPortExitCritical                        0x080060c9   Thumb Code    34  port.o(i.vPortExitCritical)
    vPortFree                                0x080060f1   Thumb Code    94  heap_4.o(i.vPortFree)
    vPortSetupTimerInterrupt                 0x08006155   Thumb Code    32  port.o(i.vPortSetupTimerInterrupt)
    vPortValidateInterruptPriority           0x08006179   Thumb Code    74  port.o(i.vPortValidateInterruptPriority)
    vQueueAddToRegistry                      0x080061cd   Thumb Code    34  queue.o(i.vQueueAddToRegistry)
    vQueueWaitForMessageRestricted           0x080061f5   Thumb Code    68  queue.o(i.vQueueWaitForMessageRestricted)
    vTaskDelay                               0x08006239   Thumb Code    66  tasks.o(i.vTaskDelay)
    vTaskDelayUntil                          0x08006285   Thumb Code   132  tasks.o(i.vTaskDelayUntil)
    vTaskInternalSetTimeOutState             0x08006311   Thumb Code    12  tasks.o(i.vTaskInternalSetTimeOutState)
    vTaskMissedYield                         0x08006321   Thumb Code     8  tasks.o(i.vTaskMissedYield)
    vTaskPlaceOnEventList                    0x0800632d   Thumb Code    44  tasks.o(i.vTaskPlaceOnEventList)
    vTaskPlaceOnEventListRestricted          0x0800635d   Thumb Code    52  tasks.o(i.vTaskPlaceOnEventListRestricted)
    vTaskPriorityDisinheritAfterTimeout      0x08006395   Thumb Code   134  tasks.o(i.vTaskPriorityDisinheritAfterTimeout)
    vTaskStartScheduler                      0x08006425   Thumb Code   118  tasks.o(i.vTaskStartScheduler)
    vTaskSuspendAll                          0x080064ad   Thumb Code    10  tasks.o(i.vTaskSuspendAll)
    vTaskSwitchContext                       0x080064bd   Thumb Code    90  tasks.o(i.vTaskSwitchContext)
    xPortStartScheduler                      0x08006521   Thumb Code   222  port.o(i.xPortStartScheduler)
    xPortSysTickHandler                      0x08006615   Thumb Code    38  port.o(i.xPortSysTickHandler)
    xQueueGenericCreate                      0x08006641   Thumb Code    66  queue.o(i.xQueueGenericCreate)
    xQueueGenericCreateStatic                0x08006683   Thumb Code   102  queue.o(i.xQueueGenericCreateStatic)
    xQueueGenericReset                       0x080066e9   Thumb Code   132  queue.o(i.xQueueGenericReset)
    xQueueGenericSend                        0x08006771   Thumb Code   346  queue.o(i.xQueueGenericSend)
    xQueueGenericSendFromISR                 0x080068d1   Thumb Code   190  queue.o(i.xQueueGenericSendFromISR)
    xQueueGiveFromISR                        0x0800698f   Thumb Code   156  queue.o(i.xQueueGiveFromISR)
    xQueueReceive                            0x08006a2d   Thumb Code   308  queue.o(i.xQueueReceive)
    xQueueSemaphoreTake                      0x08006b65   Thumb Code   372  queue.o(i.xQueueSemaphoreTake)
    xTaskCheckForTimeOut                     0x08006cdd   Thumb Code   112  tasks.o(i.xTaskCheckForTimeOut)
    xTaskCreate                              0x08006d51   Thumb Code    90  tasks.o(i.xTaskCreate)
    xTaskCreateStatic                        0x08006dab   Thumb Code    86  tasks.o(i.xTaskCreateStatic)
    xTaskGetSchedulerState                   0x08006e01   Thumb Code    22  tasks.o(i.xTaskGetSchedulerState)
    xTaskGetTickCount                        0x08006e1d   Thumb Code     6  tasks.o(i.xTaskGetTickCount)
    xTaskIncrementTick                       0x08006e29   Thumb Code   192  tasks.o(i.xTaskIncrementTick)
    xTaskPriorityDisinherit                  0x08006ef1   Thumb Code   118  tasks.o(i.xTaskPriorityDisinherit)
    xTaskPriorityInherit                     0x08006f71   Thumb Code   112  tasks.o(i.xTaskPriorityInherit)
    xTaskRemoveFromEventList                 0x08006fe9   Thumb Code    98  tasks.o(i.xTaskRemoveFromEventList)
    xTaskResumeAll                           0x08007059   Thumb Code   182  tasks.o(i.xTaskResumeAll)
    xTimerCreateTimerTask                    0x0800711d   Thumb Code    78  timers.o(i.xTimerCreateTimerTask)
    xTimerGenericCommand                     0x0800717d   Thumb Code    98  timers.o(i.xTimerGenericCommand)
    defaultTask_attributes                   0x080071e4   Data          36  freertos.o(.constdata)
    AHBPrescTable                            0x08007210   Data          16  system_stm32f4xx.o(.constdata)
    APBPrescTable                            0x08007220   Data           8  system_stm32f4xx.o(.constdata)
    Region$$Table$$Base                      0x08007234   Number         0  anon$$obj.o(Region$$Table)
    Region$$Table$$Limit                     0x08007254   Number         0  anon$$obj.o(Region$$Table)
    ac1                                      0x20000010   Data           2  gy86.o(.data)
    ac2                                      0x20000012   Data           2  gy86.o(.data)
    ac3                                      0x20000014   Data           2  gy86.o(.data)
    ac4                                      0x20000016   Data           2  gy86.o(.data)
    ac5                                      0x20000018   Data           2  gy86.o(.data)
    ac6                                      0x2000001a   Data           2  gy86.o(.data)
    b1                                       0x2000001c   Data           2  gy86.o(.data)
    b2                                       0x2000001e   Data           2  gy86.o(.data)
    mb                                       0x20000020   Data           2  gy86.o(.data)
    mc                                       0x20000022   Data           2  gy86.o(.data)
    md                                       0x20000024   Data           2  gy86.o(.data)
    QueueGYROACCEL                           0x20000030   Data           4  gy86.o(.data)
    QueueMAG                                 0x20000034   Data           4  gy86.o(.data)
    QueuePressure                            0x20000038   Data           4  gy86.o(.data)
    defaultTaskHandle                        0x20000048   Data           4  freertos.o(.data)
    I2CSemaphore                             0x2000004c   Data           4  i2c.o(.data)
    xHigherPriorityTaskWoken                 0x20000058   Data           4  getppm_task.o(.data)
    QueuePPM                                 0x20000060   Data           4  getppm_task.o(.data)
    uwTickFreq                               0x20000064   Data           1  stm32f4xx_hal.o(.data)
    uwTickPrio                               0x20000068   Data           4  stm32f4xx_hal.o(.data)
    uwTick                                   0x2000006c   Data           4  stm32f4xx_hal.o(.data)
    SystemCoreClock                          0x20000070   Data           4  system_stm32f4xx.o(.data)
    pxCurrentTCB                             0x20000074   Data           4  tasks.o(.data)
    __stdout                                 0x200000f4   Data           4  stdout.o(.data)
    c                                        0x2000010e   Data          14  gy86.o(.bss)
    hi2c1                                    0x2000011c   Data          84  i2c.o(.bss)
    hdma_i2c1_rx                             0x20000170   Data          96  i2c.o(.bss)
    hdma_i2c1_tx                             0x200001d0   Data          96  i2c.o(.bss)
    htim2                                    0x20000230   Data          72  tim.o(.bss)
    htim3                                    0x20000278   Data          72  tim.o(.bss)
    huart1                                   0x200002c0   Data          72  usart.o(.bss)
    huart2                                   0x20000308   Data          72  usart.o(.bss)
    htim1                                    0x20000350   Data          72  stm32f4xx_hal_timebase_tim.o(.bss)
    idata                                    0x20000398   Data          18  getppm_task.o(.bss)
    xQueueRegistry                           0x200003ac   Data          64  queue.o(.bss)
    __initial_sp                             0x20005080   Data           0  startup_stm32f401xe.o(STACK)



==============================================================================

Memory Map of the image

  Image Entry point : 0x08000195

  Load Region LR_IROM1 (Base: 0x08000000, Size: 0x0000734c, Max: 0x00080000, ABSOLUTE)

    Execution Region ER_IROM1 (Exec base: 0x08000000, Load base: 0x08000000, Size: 0x00007254, Max: 0x00080000, ABSOLUTE)

    Exec Addr    Load Addr    Size         Type   Attr      Idx    E Section Name        Object

    0x08000000   0x08000000   0x00000194   Data   RO            3    RESET               startup_stm32f401xe.o
    0x08000194   0x08000194   0x00000000   Code   RO         6194  * .ARM.Collect$$$$00000000  mc_w.l(entry.o)
    0x08000194   0x08000194   0x00000004   Code   RO         6476    .ARM.Collect$$$$00000001  mc_w.l(entry2.o)
    0x08000198   0x08000198   0x00000004   Code   RO         6479    .ARM.Collect$$$$00000004  mc_w.l(entry5.o)
    0x0800019c   0x0800019c   0x00000000   Code   RO         6481    .ARM.Collect$$$$00000008  mc_w.l(entry7b.o)
    0x0800019c   0x0800019c   0x00000000   Code   RO         6483    .ARM.Collect$$$$0000000A  mc_w.l(entry8b.o)
    0x0800019c   0x0800019c   0x00000008   Code   RO         6484    .ARM.Collect$$$$0000000B  mc_w.l(entry9a.o)
    0x080001a4   0x080001a4   0x00000000   Code   RO         6486    .ARM.Collect$$$$0000000D  mc_w.l(entry10a.o)
    0x080001a4   0x080001a4   0x00000000   Code   RO         6488    .ARM.Collect$$$$0000000F  mc_w.l(entry11a.o)
    0x080001a4   0x080001a4   0x00000004   Code   RO         6477    .ARM.Collect$$$$00002712  mc_w.l(entry2.o)
    0x080001a8   0x080001a8   0x000000be   Code   RO         6117    .emb_text           port.o
    0x08000266   0x08000266   0x00000002   PAD
    0x08000268   0x08000268   0x00000024   Code   RO            4    .text               startup_stm32f401xe.o
    0x0800028c   0x0800028c   0x00000062   Code   RO         6197    .text               mc_w.l(uldiv.o)
    0x080002ee   0x080002ee   0x00000024   Code   RO         6201    .text               mc_w.l(memcpya.o)
    0x08000312   0x08000312   0x00000024   Code   RO         6205    .text               mc_w.l(memseta.o)
    0x08000336   0x08000336   0x000000de   Code   RO         6470    .text               mf_w.l(ddiv.o)
    0x08000414   0x08000414   0x00000022   Code   RO         6472    .text               mf_w.l(dflti.o)
    0x08000436   0x08000436   0x00000026   Code   RO         6474    .text               mf_w.l(f2d.o)
    0x0800045c   0x0800045c   0x0000002c   Code   RO         6491    .text               mc_w.l(uidiv.o)
    0x08000488   0x08000488   0x0000001e   Code   RO         6493    .text               mc_w.l(llshl.o)
    0x080004a6   0x080004a6   0x00000020   Code   RO         6495    .text               mc_w.l(llushr.o)
    0x080004c6   0x080004c6   0x00000000   Code   RO         6497    .text               mc_w.l(iusefp.o)
    0x080004c6   0x080004c6   0x000000ba   Code   RO         6498    .text               mf_w.l(depilogue.o)
    0x08000580   0x08000580   0x0000014e   Code   RO         6500    .text               mf_w.l(dadd.o)
    0x080006ce   0x080006ce   0x000000e4   Code   RO         6502    .text               mf_w.l(dmul.o)
    0x080007b2   0x080007b2   0x00000030   Code   RO         6504    .text               mf_w.l(dfixul.o)
    0x080007e2   0x080007e2   0x00000002   PAD
    0x080007e4   0x080007e4   0x00000030   Code   RO         6506    .text               mf_w.l(cdrcmple.o)
    0x08000814   0x08000814   0x00000024   Code   RO         6508    .text               mc_w.l(init.o)
    0x08000838   0x08000838   0x00000024   Code   RO         6510    .text               mc_w.l(llsshr.o)
    0x0800085c   0x0800085c   0x000000a4   Code   RO           13    i.BMP180_Init       gy86.o
    0x08000900   0x08000900   0x000000b4   Code   RO           14    i.BMP180_read_pressure  gy86.o
    0x080009b4   0x080009b4   0x00000002   Code   RO         1173    i.BusFault_Handler  stm32f4xx_it.o
    0x080009b6   0x080009b6   0x00000002   PAD
    0x080009b8   0x080009b8   0x0000000c   Code   RO         1174    i.DMA1_Stream0_IRQHandler  stm32f4xx_it.o
    0x080009c4   0x080009c4   0x0000000c   Code   RO         1175    i.DMA1_Stream6_IRQHandler  stm32f4xx_it.o
    0x080009d0   0x080009d0   0x00000028   Code   RO         2862    i.DMA_CalcBaseAndBitshift  stm32f4xx_hal_dma.o
    0x080009f8   0x080009f8   0x00000054   Code   RO         2863    i.DMA_CheckFifoParam  stm32f4xx_hal_dma.o
    0x08000a4c   0x08000a4c   0x00000028   Code   RO         2864    i.DMA_SetConfig     stm32f4xx_hal_dma.o
    0x08000a74   0x08000a74   0x00000002   Code   RO         1176    i.DebugMon_Handler  stm32f4xx_it.o
    0x08000a76   0x08000a76   0x00000002   PAD
    0x08000a78   0x08000a78   0x0000002c   Code   RO          317    i.DelayUs_Init      delay.o
    0x08000aa4   0x08000aa4   0x00000016   Code   RO          318    i.Delay_ms          delay.o
    0x08000aba   0x08000aba   0x00000002   PAD
    0x08000abc   0x08000abc   0x0000002c   Code   RO          320    i.Delay_us          delay.o
    0x08000ae8   0x08000ae8   0x00000004   Code   RO          622    i.Error_Handler     main.o
    0x08000aec   0x08000aec   0x00000038   Code   RO           15    i.Get_GYROandACCEL  gy86.o
    0x08000b24   0x08000b24   0x00000004   Code   RO          790    i.Get_GYROandACCEL_Task  freertos.o
    0x08000b28   0x08000b28   0x00000030   Code   RO           16    i.Get_MAG           gy86.o
    0x08000b58   0x08000b58   0x00000004   Code   RO          791    i.Get_MAG_Task      freertos.o
    0x08000b5c   0x08000b5c   0x00000030   Code   RO           17    i.Get_Pressure      gy86.o
    0x08000b8c   0x08000b8c   0x00000004   Code   RO          793    i.Get_Pressure_Task  freertos.o
    0x08000b90   0x08000b90   0x00000024   Code   RO         2866    i.HAL_DMA_Abort_IT  stm32f4xx_hal_dma.o
    0x08000bb4   0x08000bb4   0x00000004   Code   RO         2868    i.HAL_DMA_GetError  stm32f4xx_hal_dma.o
    0x08000bb8   0x08000bb8   0x00000006   Code   RO         2869    i.HAL_DMA_GetState  stm32f4xx_hal_dma.o
    0x08000bbe   0x08000bbe   0x00000002   PAD
    0x08000bc0   0x08000bc0   0x000001a0   Code   RO         2870    i.HAL_DMA_IRQHandler  stm32f4xx_hal_dma.o
    0x08000d60   0x08000d60   0x000000d4   Code   RO         2871    i.HAL_DMA_Init      stm32f4xx_hal_dma.o
    0x08000e34   0x08000e34   0x0000006e   Code   RO         2875    i.HAL_DMA_Start_IT  stm32f4xx_hal_dma.o
    0x08000ea2   0x08000ea2   0x00000002   PAD
    0x08000ea4   0x08000ea4   0x000001e0   Code   RO         2758    i.HAL_GPIO_Init     stm32f4xx_hal_gpio.o
    0x08001084   0x08001084   0x0000000a   Code   RO         2762    i.HAL_GPIO_WritePin  stm32f4xx_hal_gpio.o
    0x0800108e   0x0800108e   0x00000002   PAD
    0x08001090   0x08001090   0x0000000c   Code   RO         3332    i.HAL_GetTick       stm32f4xx_hal.o
    0x0800109c   0x0800109c   0x00000002   Code   RO         3577    i.HAL_I2C_AbortCpltCallback  stm32f4xx_hal_i2c.o
    0x0800109e   0x0800109e   0x00000002   Code   RO         3578    i.HAL_I2C_AddrCallback  stm32f4xx_hal_i2c.o
    0x080010a0   0x080010a0   0x000000ba   Code   RO         3581    i.HAL_I2C_ER_IRQHandler  stm32f4xx_hal_i2c.o
    0x0800115a   0x0800115a   0x00000230   Code   RO         3582    i.HAL_I2C_EV_IRQHandler  stm32f4xx_hal_i2c.o
    0x0800138a   0x0800138a   0x00000002   PAD
    0x0800138c   0x0800138c   0x0000003c   Code   RO          920    i.HAL_I2C_ErrorCallback  i2c.o
    0x080013c8   0x080013c8   0x00000188   Code   RO         3588    i.HAL_I2C_Init      stm32f4xx_hal_i2c.o
    0x08001550   0x08001550   0x00000002   Code   RO         3590    i.HAL_I2C_ListenCpltCallback  stm32f4xx_hal_i2c.o
    0x08001552   0x08001552   0x00000002   PAD
    0x08001554   0x08001554   0x0000003c   Code   RO          921    i.HAL_I2C_MasterRxCpltCallback  i2c.o
    0x08001590   0x08001590   0x0000003c   Code   RO          923    i.HAL_I2C_MasterTxCpltCallback  i2c.o
    0x080015cc   0x080015cc   0x0000003c   Code   RO          925    i.HAL_I2C_MemRxCpltCallback  i2c.o
    0x08001608   0x08001608   0x0000003c   Code   RO          927    i.HAL_I2C_MemTxCpltCallback  i2c.o
    0x08001644   0x08001644   0x000001cc   Code   RO         3607    i.HAL_I2C_Mem_Read_DMA  stm32f4xx_hal_i2c.o
    0x08001810   0x08001810   0x00000130   Code   RO         3609    i.HAL_I2C_Mem_Write  stm32f4xx_hal_i2c.o
    0x08001940   0x08001940   0x00000194   Code   RO         3610    i.HAL_I2C_Mem_Write_DMA  stm32f4xx_hal_i2c.o
    0x08001ad4   0x08001ad4   0x000000fc   Code   RO          930    i.HAL_I2C_MspInit   i2c.o
    0x08001bd0   0x08001bd0   0x00000002   Code   RO         3614    i.HAL_I2C_SlaveRxCpltCallback  stm32f4xx_hal_i2c.o
    0x08001bd2   0x08001bd2   0x00000002   Code   RO         3615    i.HAL_I2C_SlaveTxCpltCallback  stm32f4xx_hal_i2c.o
    0x08001bd4   0x08001bd4   0x00000010   Code   RO         3338    i.HAL_IncTick       stm32f4xx_hal.o
    0x08001be4   0x08001be4   0x00000034   Code   RO         3339    i.HAL_Init          stm32f4xx_hal.o
    0x08001c18   0x08001c18   0x0000008c   Code   RO         1291    i.HAL_InitTick      stm32f4xx_hal_timebase_tim.o
    0x08001ca4   0x08001ca4   0x00000038   Code   RO         1267    i.HAL_MspInit       stm32f4xx_hal_msp.o
    0x08001cdc   0x08001cdc   0x0000001a   Code   RO         3174    i.HAL_NVIC_EnableIRQ  stm32f4xx_hal_cortex.o
    0x08001cf6   0x08001cf6   0x00000002   PAD
    0x08001cf8   0x08001cf8   0x00000040   Code   RO         3180    i.HAL_NVIC_SetPriority  stm32f4xx_hal_cortex.o
    0x08001d38   0x08001d38   0x00000024   Code   RO         3181    i.HAL_NVIC_SetPriorityGrouping  stm32f4xx_hal_cortex.o
    0x08001d5c   0x08001d5c   0x00000134   Code   RO         2380    i.HAL_RCC_ClockConfig  stm32f4xx_hal_rcc.o
    0x08001e90   0x08001e90   0x00000040   Code   RO         2384    i.HAL_RCC_GetClockConfig  stm32f4xx_hal_rcc.o
    0x08001ed0   0x08001ed0   0x00000020   Code   RO         2387    i.HAL_RCC_GetPCLK1Freq  stm32f4xx_hal_rcc.o
    0x08001ef0   0x08001ef0   0x00000020   Code   RO         2388    i.HAL_RCC_GetPCLK2Freq  stm32f4xx_hal_rcc.o
    0x08001f10   0x08001f10   0x00000060   Code   RO         2389    i.HAL_RCC_GetSysClockFreq  stm32f4xx_hal_rcc.o
    0x08001f70   0x08001f70   0x0000036c   Code   RO         2392    i.HAL_RCC_OscConfig  stm32f4xx_hal_rcc.o
    0x080022dc   0x080022dc   0x00000002   Code   RO         2112    i.HAL_TIMEx_BreakCallback  stm32f4xx_hal_tim_ex.o
    0x080022de   0x080022de   0x00000002   Code   RO         2113    i.HAL_TIMEx_CommutCallback  stm32f4xx_hal_tim_ex.o
    0x080022e0   0x080022e0   0x0000007c   Code   RO         2131    i.HAL_TIMEx_MasterConfigSynchronization  stm32f4xx_hal_tim_ex.o
    0x0800235c   0x0800235c   0x0000005a   Code   RO         1408    i.HAL_TIM_Base_Init  stm32f4xx_hal_tim.o
    0x080023b6   0x080023b6   0x00000002   PAD
    0x080023b8   0x080023b8   0x00000090   Code   RO         1031    i.HAL_TIM_Base_MspInit  tim.o
    0x08002448   0x08002448   0x0000006c   Code   RO         1413    i.HAL_TIM_Base_Start_IT  stm32f4xx_hal_tim.o
    0x080024b4   0x080024b4   0x000000dc   Code   RO         1417    i.HAL_TIM_ConfigClockSource  stm32f4xx_hal_tim.o
    0x08002590   0x08002590   0x0000007c   Code   RO         1372    i.HAL_TIM_IC_CaptureCallback  getppm_task.o
    0x0800260c   0x0800260c   0x00000124   Code   RO         1444    i.HAL_TIM_IC_ConfigChannel  stm32f4xx_hal_tim.o
    0x08002730   0x08002730   0x0000005a   Code   RO         1447    i.HAL_TIM_IC_Init   stm32f4xx_hal_tim.o
    0x0800278a   0x0800278a   0x00000002   Code   RO         1449    i.HAL_TIM_IC_MspInit  stm32f4xx_hal_tim.o
    0x0800278c   0x0800278c   0x00000130   Code   RO         1456    i.HAL_TIM_IRQHandler  stm32f4xx_hal_tim.o
    0x080028bc   0x080028bc   0x00000054   Code   RO         1032    i.HAL_TIM_MspPostInit  tim.o
    0x08002910   0x08002910   0x00000002   Code   RO         1459    i.HAL_TIM_OC_DelayElapsedCallback  stm32f4xx_hal_tim.o
    0x08002912   0x08002912   0x000000cc   Code   RO         1480    i.HAL_TIM_PWM_ConfigChannel  stm32f4xx_hal_tim.o
    0x080029de   0x080029de   0x0000005a   Code   RO         1483    i.HAL_TIM_PWM_Init  stm32f4xx_hal_tim.o
    0x08002a38   0x08002a38   0x00000002   Code   RO         1485    i.HAL_TIM_PWM_MspInit  stm32f4xx_hal_tim.o
    0x08002a3a   0x08002a3a   0x00000002   Code   RO         1486    i.HAL_TIM_PWM_PulseFinishedCallback  stm32f4xx_hal_tim.o
    0x08002a3c   0x08002a3c   0x000000b0   Code   RO         1488    i.HAL_TIM_PWM_Start  stm32f4xx_hal_tim.o
    0x08002aec   0x08002aec   0x00000014   Code   RO          623    i.HAL_TIM_PeriodElapsedCallback  main.o
    0x08002b00   0x08002b00   0x0000002a   Code   RO         1496    i.HAL_TIM_ReadCapturedValue  stm32f4xx_hal_tim.o
    0x08002b2a   0x08002b2a   0x00000002   Code   RO         1499    i.HAL_TIM_TriggerCallback  stm32f4xx_hal_tim.o
    0x08002b2c   0x08002b2c   0x00000064   Code   RO         4074    i.HAL_UART_Init     stm32f4xx_hal_uart.o
    0x08002b90   0x08002b90   0x000000ac   Code   RO         1085    i.HAL_UART_MspInit  usart.o
    0x08002c3c   0x08002c3c   0x000000a0   Code   RO         4082    i.HAL_UART_Transmit  stm32f4xx_hal_uart.o
    0x08002cdc   0x08002cdc   0x000000fc   Code   RO           19    i.HMC5883L_Init     gy86.o
    0x08002dd8   0x08002dd8   0x00000064   Code   RO           20    i.HMC5883L_Read_MAG  gy86.o
    0x08002e3c   0x08002e3c   0x00000094   Code   RO           21    i.HMC5883L_SetupAutoRead  gy86.o
    0x08002ed0   0x08002ed0   0x00000002   Code   RO         1177    i.HardFault_Handler  stm32f4xx_it.o
    0x08002ed2   0x08002ed2   0x00000002   PAD
    0x08002ed4   0x08002ed4   0x0000000c   Code   RO         1178    i.I2C1_ER_IRQHandler  stm32f4xx_it.o
    0x08002ee0   0x08002ee0   0x0000000c   Code   RO         1179    i.I2C1_EV_IRQHandler  stm32f4xx_it.o
    0x08002eec   0x08002eec   0x000000bc   Code   RO         3626    i.I2C_DMAAbort      stm32f4xx_hal_i2c.o
    0x08002fa8   0x08002fa8   0x00000040   Code   RO         3627    i.I2C_DMAError      stm32f4xx_hal_i2c.o
    0x08002fe8   0x08002fe8   0x00000112   Code   RO         3628    i.I2C_DMAXferCplt   stm32f4xx_hal_i2c.o
    0x080030fa   0x080030fa   0x00000010   Code   RO         3629    i.I2C_Flush_DR      stm32f4xx_hal_i2c.o
    0x0800310a   0x0800310a   0x00000002   PAD
    0x0800310c   0x0800310c   0x00000158   Code   RO         3630    i.I2C_ITError       stm32f4xx_hal_i2c.o
    0x08003264   0x08003264   0x0000002e   Code   RO         3631    i.I2C_IsAcknowledgeFailed  stm32f4xx_hal_i2c.o
    0x08003292   0x08003292   0x000000da   Code   RO         3632    i.I2C_MasterReceive_BTF  stm32f4xx_hal_i2c.o
    0x0800336c   0x0800336c   0x000000f4   Code   RO         3633    i.I2C_MasterReceive_RXNE  stm32f4xx_hal_i2c.o
    0x08003460   0x08003460   0x00000082   Code   RO         3636    i.I2C_MasterTransmit_BTF  stm32f4xx_hal_i2c.o
    0x080034e2   0x080034e2   0x00000002   PAD
    0x080034e4   0x080034e4   0x000000b6   Code   RO         3637    i.I2C_MasterTransmit_TXE  stm32f4xx_hal_i2c.o
    0x0800359a   0x0800359a   0x00000002   PAD
    0x0800359c   0x0800359c   0x00000118   Code   RO         3638    i.I2C_Master_ADDR   stm32f4xx_hal_i2c.o
    0x080036b4   0x080036b4   0x0000008c   Code   RO         3639    i.I2C_Master_SB     stm32f4xx_hal_i2c.o
    0x08003740   0x08003740   0x000000a8   Code   RO         3640    i.I2C_MemoryTransmit_TXE_BTF  stm32f4xx_hal_i2c.o
    0x080037e8   0x080037e8   0x000000fc   Code   RO         3641    i.I2C_RequestMemoryRead  stm32f4xx_hal_i2c.o
    0x080038e4   0x080038e4   0x000000a8   Code   RO         3642    i.I2C_RequestMemoryWrite  stm32f4xx_hal_i2c.o
    0x0800398c   0x0800398c   0x00000046   Code   RO         3643    i.I2C_Slave_ADDR    stm32f4xx_hal_i2c.o
    0x080039d2   0x080039d2   0x00000002   PAD
    0x080039d4   0x080039d4   0x00000090   Code   RO         3644    i.I2C_Slave_AF      stm32f4xx_hal_i2c.o
    0x08003a64   0x08003a64   0x0000015c   Code   RO         3645    i.I2C_Slave_STOPF   stm32f4xx_hal_i2c.o
    0x08003bc0   0x08003bc0   0x00000056   Code   RO         3646    i.I2C_WaitOnBTFFlagUntilTimeout  stm32f4xx_hal_i2c.o
    0x08003c16   0x08003c16   0x00000002   PAD
    0x08003c18   0x08003c18   0x00000090   Code   RO         3647    i.I2C_WaitOnFlagUntilTimeout  stm32f4xx_hal_i2c.o
    0x08003ca8   0x08003ca8   0x000000bc   Code   RO         3648    i.I2C_WaitOnMasterAddressFlagUntilTimeout  stm32f4xx_hal_i2c.o
    0x08003d64   0x08003d64   0x00000056   Code   RO         3650    i.I2C_WaitOnTXEFlagUntilTimeout  stm32f4xx_hal_i2c.o
    0x08003dba   0x08003dba   0x00000002   PAD
    0x08003dbc   0x08003dbc   0x00000038   Code   RO           24    i.IIC_Write         gy86.o
    0x08003df4   0x08003df4   0x00000108   Code   RO           27    i.MPU6050_Init      gy86.o
    0x08003efc   0x08003efc   0x0000006c   Code   RO           28    i.MPU6050_Read_ACCEL  gy86.o
    0x08003f68   0x08003f68   0x0000006c   Code   RO           29    i.MPU6050_Read_GYRO  gy86.o
    0x08003fd4   0x08003fd4   0x0000003c   Code   RO          896    i.MX_DMA_Init       dma.o
    0x08004010   0x08004010   0x00000108   Code   RO          794    i.MX_FREERTOS_Init  freertos.o
    0x08004118   0x08004118   0x00000138   Code   RO          720    i.MX_GPIO_Init      gpio.o
    0x08004250   0x08004250   0x0000005c   Code   RO          931    i.MX_I2C1_Init      i2c.o
    0x080042ac   0x080042ac   0x000000a0   Code   RO         1033    i.MX_TIM2_Init      tim.o
    0x0800434c   0x0800434c   0x000000c8   Code   RO         1034    i.MX_TIM3_Init      tim.o
    0x08004414   0x08004414   0x00000038   Code   RO         1086    i.MX_USART1_UART_Init  usart.o
    0x0800444c   0x0800444c   0x00000038   Code   RO         1087    i.MX_USART2_UART_Init  usart.o
    0x08004484   0x08004484   0x00000002   Code   RO         1180    i.MemManage_Handler  stm32f4xx_it.o
    0x08004486   0x08004486   0x00000002   Code   RO         1181    i.NMI_Handler       stm32f4xx_it.o
    0x08004488   0x08004488   0x00000008   Code   RO          796    i.StartDefaultTask  freertos.o
    0x08004490   0x08004490   0x0000001a   Code   RO         5552    i.SysTick_Handler   cmsis_os2.o
    0x080044aa   0x080044aa   0x00000002   PAD
    0x080044ac   0x080044ac   0x00000094   Code   RO          625    i.SystemClock_Config  main.o
    0x08004540   0x08004540   0x00000010   Code   RO         4408    i.SystemInit        system_stm32f4xx.o
    0x08004550   0x08004550   0x0000000c   Code   RO         1182    i.TIM1_UP_TIM10_IRQHandler  stm32f4xx_it.o
    0x0800455c   0x0800455c   0x0000000c   Code   RO         1183    i.TIM2_IRQHandler   stm32f4xx_it.o
    0x08004568   0x08004568   0x000000a0   Code   RO         1501    i.TIM_Base_SetConfig  stm32f4xx_hal_tim.o
    0x08004608   0x08004608   0x0000001a   Code   RO         1502    i.TIM_CCxChannelCmd  stm32f4xx_hal_tim.o
    0x08004622   0x08004622   0x00000014   Code   RO         1512    i.TIM_ETR_SetConfig  stm32f4xx_hal_tim.o
    0x08004636   0x08004636   0x00000010   Code   RO         1513    i.TIM_ITRx_SetConfig  stm32f4xx_hal_tim.o
    0x08004646   0x08004646   0x00000002   PAD
    0x08004648   0x08004648   0x00000050   Code   RO         1514    i.TIM_OC1_SetConfig  stm32f4xx_hal_tim.o
    0x08004698   0x08004698   0x00000058   Code   RO         1515    i.TIM_OC2_SetConfig  stm32f4xx_hal_tim.o
    0x080046f0   0x080046f0   0x00000058   Code   RO         1516    i.TIM_OC3_SetConfig  stm32f4xx_hal_tim.o
    0x08004748   0x08004748   0x00000044   Code   RO         1517    i.TIM_OC4_SetConfig  stm32f4xx_hal_tim.o
    0x0800478c   0x0800478c   0x00000022   Code   RO         1519    i.TIM_TI1_ConfigInputStage  stm32f4xx_hal_tim.o
    0x080047ae   0x080047ae   0x00000002   PAD
    0x080047b0   0x080047b0   0x0000006c   Code   RO         1520    i.TIM_TI1_SetConfig  stm32f4xx_hal_tim.o
    0x0800481c   0x0800481c   0x00000024   Code   RO         1521    i.TIM_TI2_ConfigInputStage  stm32f4xx_hal_tim.o
    0x08004840   0x08004840   0x00000036   Code   RO         1522    i.TIM_TI2_SetConfig  stm32f4xx_hal_tim.o
    0x08004876   0x08004876   0x0000004e   Code   RO         4097    i.UART_EndRxTransfer  stm32f4xx_hal_uart.o
    0x080048c4   0x080048c4   0x0000010c   Code   RO         4100    i.UART_SetConfig    stm32f4xx_hal_uart.o
    0x080049d0   0x080049d0   0x00000072   Code   RO         4103    i.UART_WaitOnFlagUntilTimeout  stm32f4xx_hal_uart.o
    0x08004a42   0x08004a42   0x00000004   Code   RO          797    i.Uart_Debug_Task   freertos.o
    0x08004a46   0x08004a46   0x00000002   PAD
    0x08004a48   0x08004a48   0x00000120   Code   RO         1330    i.Uart_Send_Task    uart_task.o
    0x08004b68   0x08004b68   0x00000002   Code   RO         1184    i.UsageFault_Handler  stm32f4xx_it.o
    0x08004b6a   0x08004b6a   0x00000002   PAD
    0x08004b6c   0x08004b6c   0x00000020   Code   RO         6442    i.__0printf         mc_w.l(printfa.o)
    0x08004b8c   0x08004b8c   0x00000020   Code   RO         3187    i.__NVIC_SetPriority  stm32f4xx_hal_cortex.o
    0x08004bac   0x08004bac   0x0000000e   Code   RO         6514    i.__scatterload_copy  mc_w.l(handlers.o)
    0x08004bba   0x08004bba   0x00000002   Code   RO         6515    i.__scatterload_null  mc_w.l(handlers.o)
    0x08004bbc   0x08004bbc   0x0000000e   Code   RO         6516    i.__scatterload_zeroinit  mc_w.l(handlers.o)
    0x08004bca   0x08004bca   0x00000002   PAD
    0x08004bcc   0x08004bcc   0x00000184   Code   RO         6449    i._fp_digits        mc_w.l(printfa.o)
    0x08004d50   0x08004d50   0x000006dc   Code   RO         6450    i._printf_core      mc_w.l(printfa.o)
    0x0800542c   0x0800542c   0x00000024   Code   RO         6451    i._printf_post_padding  mc_w.l(printfa.o)
    0x08005450   0x08005450   0x0000002e   Code   RO         6452    i._printf_pre_padding  mc_w.l(printfa.o)
    0x0800547e   0x0800547e   0x00000002   PAD
    0x08005480   0x08005480   0x00000070   Code   RO           33    i.bmp180_read_up    gy86.o
    0x080054f0   0x080054f0   0x00000068   Code   RO           34    i.bmp180_read_ut    gy86.o
    0x08005558   0x08005558   0x00000018   Code   RO         1091    i.fputc             usart.o
    0x08005570   0x08005570   0x000000a8   Code   RO          626    i.main              main.o
    0x08005618   0x08005618   0x0000001a   Code   RO         5554    i.osDelay           cmsis_os2.o
    0x08005632   0x08005632   0x00000002   PAD
    0x08005634   0x08005634   0x00000024   Code   RO         5568    i.osKernelInitialize  cmsis_os2.o
    0x08005658   0x08005658   0x00000038   Code   RO         5571    i.osKernelStart     cmsis_os2.o
    0x08005690   0x08005690   0x0000008a   Code   RO         5613    i.osThreadNew       cmsis_os2.o
    0x0800571a   0x0800571a   0x00000002   PAD
    0x0800571c   0x0800571c   0x0000005c   Code   RO         5016    i.prvAddCurrentTaskToDelayedList  tasks.o
    0x08005778   0x08005778   0x000000d0   Code   RO         5017    i.prvAddNewTaskToReadyList  tasks.o
    0x08005848   0x08005848   0x00000058   Code   RO         5381    i.prvCheckForValidListAndQueue  timers.o
    0x080058a0   0x080058a0   0x00000026   Code   RO         4613    i.prvCopyDataFromQueue  queue.o
    0x080058c6   0x080058c6   0x0000006c   Code   RO         4614    i.prvCopyDataToQueue  queue.o
    0x08005932   0x08005932   0x00000034   Code   RO         5018    i.prvDeleteTCB      tasks.o
    0x08005966   0x08005966   0x00000002   PAD
    0x08005968   0x08005968   0x0000004c   Code   RO         6062    i.prvHeapInit       heap_4.o
    0x080059b4   0x080059b4   0x00000060   Code   RO         5019    i.prvIdleTask       tasks.o
    0x08005a14   0x08005a14   0x00000022   Code   RO         4616    i.prvInitialiseNewQueue  queue.o
    0x08005a36   0x08005a36   0x00000002   PAD
    0x08005a38   0x08005a38   0x000000b0   Code   RO         5020    i.prvInitialiseNewTask  tasks.o
    0x08005ae8   0x08005ae8   0x0000004c   Code   RO         6063    i.prvInsertBlockIntoFreeList  heap_4.o
    0x08005b34   0x08005b34   0x00000038   Code   RO         5383    i.prvInsertTimerInActiveList  timers.o
    0x08005b6c   0x08005b6c   0x0000001c   Code   RO         4617    i.prvIsQueueEmpty   queue.o
    0x08005b88   0x08005b88   0x000000fc   Code   RO         5384    i.prvProcessReceivedCommands  timers.o
    0x08005c84   0x08005c84   0x000000c0   Code   RO         5385    i.prvProcessTimerOrBlockTask  timers.o
    0x08005d44   0x08005d44   0x00000020   Code   RO         5022    i.prvResetNextTaskUnblockTime  tasks.o
    0x08005d64   0x08005d64   0x00000028   Code   RO         5386    i.prvSampleTimeNow  timers.o
    0x08005d8c   0x08005d8c   0x0000006c   Code   RO         5387    i.prvSwitchTimerLists  timers.o
    0x08005df8   0x08005df8   0x00000028   Code   RO         6118    i.prvTaskExitError  port.o
    0x08005e20   0x08005e20   0x00000024   Code   RO         5388    i.prvTimerTask      timers.o
    0x08005e44   0x08005e44   0x0000006a   Code   RO         4618    i.prvUnlockQueue    queue.o
    0x08005eae   0x08005eae   0x00000002   PAD
    0x08005eb0   0x08005eb0   0x000000dc   Code   RO         6064    i.pvPortMalloc      heap_4.o
    0x08005f8c   0x08005f8c   0x00000018   Code   RO         5025    i.pvTaskIncrementMutexHeldCount  tasks.o
    0x08005fa4   0x08005fa4   0x0000002c   Code   RO         6119    i.pxPortInitialiseStack  port.o
    0x08005fd0   0x08005fd0   0x00000026   Code   RO         4573    i.uxListRemove      list.o
    0x08005ff6   0x08005ff6   0x00000002   PAD
    0x08005ff8   0x08005ff8   0x00000014   Code   RO         5625    i.vApplicationGetIdleTaskMemory  cmsis_os2.o
    0x0800600c   0x0800600c   0x00000018   Code   RO         5626    i.vApplicationGetTimerTaskMemory  cmsis_os2.o
    0x08006024   0x08006024   0x00000016   Code   RO         4574    i.vListInitialise   list.o
    0x0800603a   0x0800603a   0x00000006   Code   RO         4575    i.vListInitialiseItem  list.o
    0x08006040   0x08006040   0x00000030   Code   RO         4576    i.vListInsert       list.o
    0x08006070   0x08006070   0x00000018   Code   RO         4577    i.vListInsertEnd    list.o
    0x08006088   0x08006088   0x00000040   Code   RO         6121    i.vPortEnterCritical  port.o
    0x080060c8   0x080060c8   0x00000028   Code   RO         6122    i.vPortExitCritical  port.o
    0x080060f0   0x080060f0   0x00000064   Code   RO         6065    i.vPortFree         heap_4.o
    0x08006154   0x08006154   0x00000024   Code   RO         6123    i.vPortSetupTimerInterrupt  port.o
    0x08006178   0x08006178   0x00000054   Code   RO         6124    i.vPortValidateInterruptPriority  port.o
    0x080061cc   0x080061cc   0x00000028   Code   RO         4624    i.vQueueAddToRegistry  queue.o
    0x080061f4   0x080061f4   0x00000044   Code   RO         4628    i.vQueueWaitForMessageRestricted  queue.o
    0x08006238   0x08006238   0x0000004c   Code   RO         5035    i.vTaskDelay        tasks.o
    0x08006284   0x08006284   0x0000008c   Code   RO         5036    i.vTaskDelayUntil   tasks.o
    0x08006310   0x08006310   0x00000010   Code   RO         5040    i.vTaskInternalSetTimeOutState  tasks.o
    0x08006320   0x08006320   0x0000000c   Code   RO         5041    i.vTaskMissedYield  tasks.o
    0x0800632c   0x0800632c   0x00000030   Code   RO         5043    i.vTaskPlaceOnEventList  tasks.o
    0x0800635c   0x0800635c   0x00000038   Code   RO         5044    i.vTaskPlaceOnEventListRestricted  tasks.o
    0x08006394   0x08006394   0x00000090   Code   RO         5046    i.vTaskPriorityDisinheritAfterTimeout  tasks.o
    0x08006424   0x08006424   0x00000088   Code   RO         5052    i.vTaskStartScheduler  tasks.o
    0x080064ac   0x080064ac   0x00000010   Code   RO         5054    i.vTaskSuspendAll   tasks.o
    0x080064bc   0x080064bc   0x00000064   Code   RO         5055    i.vTaskSwitchContext  tasks.o
    0x08006520   0x08006520   0x000000f4   Code   RO         6125    i.xPortStartScheduler  port.o
    0x08006614   0x08006614   0x0000002c   Code   RO         6126    i.xPortSysTickHandler  port.o
    0x08006640   0x08006640   0x00000042   Code   RO         4633    i.xQueueGenericCreate  queue.o
    0x08006682   0x08006682   0x00000066   Code   RO         4634    i.xQueueGenericCreateStatic  queue.o
    0x080066e8   0x080066e8   0x00000088   Code   RO         4635    i.xQueueGenericReset  queue.o
    0x08006770   0x08006770   0x00000160   Code   RO         4636    i.xQueueGenericSend  queue.o
    0x080068d0   0x080068d0   0x000000be   Code   RO         4637    i.xQueueGenericSendFromISR  queue.o
    0x0800698e   0x0800698e   0x0000009c   Code   RO         4640    i.xQueueGiveFromISR  queue.o
    0x08006a2a   0x08006a2a   0x00000002   PAD
    0x08006a2c   0x08006a2c   0x00000138   Code   RO         4646    i.xQueueReceive     queue.o
    0x08006b64   0x08006b64   0x00000178   Code   RO         4648    i.xQueueSemaphoreTake  queue.o
    0x08006cdc   0x08006cdc   0x00000074   Code   RO         5057    i.xTaskCheckForTimeOut  tasks.o
    0x08006d50   0x08006d50   0x0000005a   Code   RO         5058    i.xTaskCreate       tasks.o
    0x08006daa   0x08006daa   0x00000056   Code   RO         5059    i.xTaskCreateStatic  tasks.o
    0x08006e00   0x08006e00   0x0000001c   Code   RO         5063    i.xTaskGetSchedulerState  tasks.o
    0x08006e1c   0x08006e1c   0x0000000c   Code   RO         5064    i.xTaskGetTickCount  tasks.o
    0x08006e28   0x08006e28   0x000000c8   Code   RO         5066    i.xTaskIncrementTick  tasks.o
    0x08006ef0   0x08006ef0   0x00000080   Code   RO         5069    i.xTaskPriorityDisinherit  tasks.o
    0x08006f70   0x08006f70   0x00000078   Code   RO         5070    i.xTaskPriorityInherit  tasks.o
    0x08006fe8   0x08006fe8   0x00000070   Code   RO         5071    i.xTaskRemoveFromEventList  tasks.o
    0x08007058   0x08007058   0x000000c4   Code   RO         5072    i.xTaskResumeAll    tasks.o
    0x0800711c   0x0800711c   0x00000060   Code   RO         5397    i.xTimerCreateTimerTask  timers.o
    0x0800717c   0x0800717c   0x00000068   Code   RO         5398    i.xTimerGenericCommand  timers.o
    0x080071e4   0x080071e4   0x00000024   Data   RO          798    .constdata          freertos.o
    0x08007208   0x08007208   0x00000008   Data   RO         2877    .constdata          stm32f4xx_hal_dma.o
    0x08007210   0x08007210   0x00000010   Data   RO         4409    .constdata          system_stm32f4xx.o
    0x08007220   0x08007220   0x00000008   Data   RO         4410    .constdata          system_stm32f4xx.o
    0x08007228   0x08007228   0x0000000c   Data   RO          799    .conststring        freertos.o
    0x08007234   0x08007234   0x00000020   Data   RO         6512    Region$$Table       anon$$obj.o


    Execution Region RW_IRAM1 (Exec base: 0x20000000, Load base: 0x08007254, Size: 0x00005080, Max: 0x00018000, ABSOLUTE)

    Exec Addr    Load Addr    Size         Type   Attr      Idx    E Section Name        Object

    0x20000000   0x08007254   0x00000048   Data   RW           36    .data               gy86.o
    0x20000048   0x0800729c   0x00000004   Data   RW          800    .data               freertos.o
    0x2000004c   0x080072a0   0x00000004   Data   RW          935    .data               i2c.o
    0x20000050   0x080072a4   0x00000014   Data   RW         1375    .data               getppm_task.o
    0x20000064   0x080072b8   0x0000000c   Data   RW         3346    .data               stm32f4xx_hal.o
    0x20000070   0x080072c4   0x00000004   Data   RW         4411    .data               system_stm32f4xx.o
    0x20000074   0x080072c8   0x0000003c   Data   RW         5075    .data               tasks.o
    0x200000b0   0x08007304   0x00000014   Data   RW         5406    .data               timers.o
    0x200000c4   0x08007318   0x00000004   Data   RW         5628    .data               cmsis_os2.o
    0x200000c8   0x0800731c   0x00000020   Data   RW         6071    .data               heap_4.o
    0x200000e8   0x0800733c   0x0000000c   Data   RW         6127    .data               port.o
    0x200000f4   0x08007348   0x00000004   Data   RW         6490    .data               mc_w.l(stdout.o)
    0x200000f8        -       0x00000024   Zero   RW           35    .bss                gy86.o
    0x2000011c        -       0x00000114   Zero   RW          932    .bss                i2c.o
    0x20000230        -       0x00000090   Zero   RW         1035    .bss                tim.o
    0x200002c0        -       0x00000090   Zero   RW         1092    .bss                usart.o
    0x20000350        -       0x00000048   Zero   RW         1294    .bss                stm32f4xx_hal_timebase_tim.o
    0x20000398        -       0x00000012   Zero   RW         1374    .bss                getppm_task.o
    0x200003aa   0x0800734c   0x00000002   PAD
    0x200003ac        -       0x00000040   Zero   RW         4650    .bss                queue.o
    0x200003ec        -       0x000004c4   Zero   RW         5074    .bss                tasks.o
    0x200008b0        -       0x00000118   Zero   RW         5405    .bss                timers.o
    0x200009c8        -       0x000006b8   Zero   RW         5627    .bss                cmsis_os2.o
    0x20001080        -       0x00003c00   Zero   RW         6070    .bss                heap_4.o
    0x20004c80        -       0x00000400   Zero   RW            1    STACK               startup_stm32f401xe.o


==============================================================================

Image component sizes


      Code (inc. data)   RO Data    RW Data    ZI Data      Debug   Object Name

       326         22          0          4       1720      62723   cmsis_os2.o
       110         20          0          0          0     422719   delay.o
        60          4          0          0          0        834   dma.o
         0          0          0          0          0      19580   event_groups.o
       288        122         48          4          0       7802   freertos.o
       124         18          0         20         18       1755   getppm_task.o
       312         20          0          0          0       1283   gpio.o
      1748        148          0         72         36      25630   gy86.o
       472         24          0         32      15360       5019   heap_4.o
       644        108          0          4        276       8400   i2c.o
       138          0          0          0          0       3702   list.o
       340         26          0          0          0       8548   main.o
         0          0          0          0          0       9644   oled.o
       786         82          0         12          0      11813   port.o
      2112         24          0          0         64      22120   queue.o
        36          8        404          0       1024        856   startup_stm32f401xe.o
        80         14          0         12          0       8094   stm32f4xx_hal.o
       158         14          0          0          0      33158   stm32f4xx_hal_cortex.o
       948         16          8          0          0       7896   stm32f4xx_hal_dma.o
       490         34          0          0          0       2248   stm32f4xx_hal_gpio.o
      6096        110          0          0          0      33850   stm32f4xx_hal_i2c.o
        56          4          0          0          0        918   stm32f4xx_hal_msp.o
      1408         82          0          0          0       6101   stm32f4xx_hal_rcc.o
      2404        110          0          0          0      21775   stm32f4xx_hal_tim.o
       128         20          0          0          0       2593   stm32f4xx_hal_tim_ex.o
       140         22          0          0         72       1503   stm32f4xx_hal_timebase_tim.o
       720         10          0          0          0       5000   stm32f4xx_hal_uart.o
        84         36          0          0          0       5948   stm32f4xx_it.o
         0          0          0          0          0        392   stream_buffer.o
        16          4         24          4          0       1207   system_stm32f4xx.o
      2512        200          0         60       1220      31399   tasks.o
       588         40          0          0        144       3501   tim.o
       972         80          0         20        280      30055   timers.o
       288         56          0          0          0       6418   uart_task.o
       308         40          0          0        144       4491   usart.o

    ----------------------------------------------------------------------
     24952       1518        516        244      20360     818975   Object Totals
         0          0         32          0          0          0   (incl. Generated)
        60          0          0          0          2          0   (incl. Padding)

    ----------------------------------------------------------------------

      Code (inc. data)   RO Data    RW Data    ZI Data      Debug   Library Member Name

         0          0          0          0          0          0   entry.o
         0          0          0          0          0          0   entry10a.o
         0          0          0          0          0          0   entry11a.o
         8          4          0          0          0          0   entry2.o
         4          0          0          0          0          0   entry5.o
         0          0          0          0          0          0   entry7b.o
         0          0          0          0          0          0   entry8b.o
         8          4          0          0          0          0   entry9a.o
        30          0          0          0          0          0   handlers.o
        36          8          0          0          0         68   init.o
         0          0          0          0          0          0   iusefp.o
        30          0          0          0          0         68   llshl.o
        36          0          0          0          0         68   llsshr.o
        32          0          0          0          0         68   llushr.o
        36          0          0          0          0         68   memcpya.o
        36          0          0          0          0        108   memseta.o
      2258         90          0          0          0        452   printfa.o
         0          0          0          4          0          0   stdout.o
        44          0          0          0          0         80   uidiv.o
        98          0          0          0          0         92   uldiv.o
        48          0          0          0          0         68   cdrcmple.o
       334          0          0          0          0        148   dadd.o
       222          0          0          0          0        100   ddiv.o
       186          0          0          0          0        176   depilogue.o
        48          0          0          0          0         68   dfixul.o
        34          0          0          0          0         76   dflti.o
       228          0          0          0          0         96   dmul.o
        38          0          0          0          0         68   f2d.o

    ----------------------------------------------------------------------
      3800        106          0          4          0       1872   Library Totals
         6          0          0          0          0          0   (incl. Padding)

    ----------------------------------------------------------------------

      Code (inc. data)   RO Data    RW Data    ZI Data      Debug   Library Name

      2656        106          0          4          0       1072   mc_w.l
      1138          0          0          0          0        800   mf_w.l

    ----------------------------------------------------------------------
      3800        106          0          4          0       1872   Library Totals

    ----------------------------------------------------------------------

==============================================================================


      Code (inc. data)   RO Data    RW Data    ZI Data      Debug   

     28752       1624        516        248      20360     797915   Grand Totals
     28752       1624        516        248      20360     797915   ELF Image Totals
     28752       1624        516        248          0          0   ROM Totals

==============================================================================

    Total RO  Size (Code + RO Data)                29268 (  28.58kB)
    Total RW  Size (RW Data + ZI Data)             20608 (  20.13kB)
    Total ROM Size (Code + RO Data + RW Data)      29516 (  28.82kB)

==============================================================================

